{"step": 100, "loss": 6.0019097328186035, "seconds": 6.22119819999989, "lr": 0.001}
{"step": 200, "loss": 5.145467281341553, "seconds": 12.212218100000428, "lr": 0.002}
{"step": 300, "loss": 4.76365327835083, "seconds": 18.35807139999997, "lr": 0.0019987063327294827}
{"step": 400, "loss": 4.34558629989624, "seconds": 24.780911800000467, "lr": 0.0019947767369650144}
{"step": 500, "loss": 4.252511978149414, "seconds": 32.14253759999974, "lr": 0.0019882226068630073}
{"step": 600, "loss": 4.079495906829834, "seconds": 39.607610699999896, "lr": 0.0019790631668163126}
{"step": 700, "loss": 3.9014976024627686, "seconds": 47.05238199999985, "lr": 0.0019673252830407374}
{"step": 800, "loss": 3.9138448238372803, "seconds": 54.49568199999976, "lr": 0.0019530433847718075}
{"step": 900, "loss": 3.797332286834717, "seconds": 61.937730499999816, "lr": 0.001936259363277884}
{"step": 1000, "loss": 3.7782394886016846, "seconds": 69.37802280000051, "lr": 0.0019170224489858574}
{"validation": {"step": 1000, "bpb": 1.833444867230377, "token_ppl": 48.13414181226615, "nll_nats": 1458941.413146882, "targets": 376599, "utf8_bytes": 1148007, "seconds": 2.0891029999993407}}
{"step": 1100, "loss": 3.660214900970459, "seconds": 76.83661630000097, "lr": 0.0018953890670798243}
{"step": 1200, "loss": 3.669248104095459, "seconds": 84.28621150000072, "lr": 0.0018714226719962973}
{"step": 1300, "loss": 3.6003105640411377, "seconds": 91.73798970000098, "lr": 0.0018451935613014129}
{"step": 1400, "loss": 3.459571599960327, "seconds": 99.18571810000049, "lr": 0.0018167786694960558}
{"step": 1500, "loss": 3.4801173210144043, "seconds": 106.63419480000084, "lr": 0.0017862613423537128}
{"step": 1600, "loss": 3.458251953125, "seconds": 114.09006920000047, "lr": 0.00175373109245296}
{"step": 1700, "loss": 3.543816566467285, "seconds": 121.54733000000124, "lr": 0.0017192833366216447}
{"step": 1800, "loss": 3.459104537963867, "seconds": 129.0130824000007, "lr": 0.001683019116062891}
{"step": 1900, "loss": 3.483238458633423, "seconds": 136.47269150000102, "lr": 0.001645044799983842}
{"step": 2000, "loss": 3.401337146759033, "seconds": 143.91955940000116, "lr": 0.0016054717735964463}
{"validation": {"step": 2000, "bpb": 1.71289573103948, "token_ppl": 37.3105634903667, "nll_nats": 1363015.9068764588, "targets": 376599, "utf8_bytes": 1148007, "seconds": 2.2106125000000247}}
{"step": 2100, "loss": 3.288893222808838, "seconds": 151.37673540000105, "lr": 0.001564416111405442}
{"step": 2200, "loss": 3.3845438957214355, "seconds": 158.83766350000042, "lr": 0.001521998236741833}
{"step": 2300, "loss": 3.347498893737793, "seconds": 166.28841620000094, "lr": 0.001478342568540513}
{"step": 2400, "loss": 3.3320722579956055, "seconds": 173.74770810000064, "lr": 0.0014335771563980893}
{"step": 2500, "loss": 3.327500581741333, "seconds": 181.20070320000104, "lr": 0.001387833304981356}
{"step": 2600, "loss": 3.3709115982055664, "seconds": 188.65066730000126, "lr": 0.0013412451888880805}
{"step": 2700, "loss": 3.3191797733306885, "seconds": 196.10251940000126, "lr": 0.0012939494590897926}
{"step": 2800, "loss": 3.3329670429229736, "seconds": 203.65651760000037, "lr": 0.0012460848421109382}
{"step": 2900, "loss": 3.156348705291748, "seconds": 211.17646220000097, "lr": 0.0011977917331200832}
{"step": 3000, "loss": 3.158877372741699, "seconds": 218.62910270000066, "lr": 0.0011492117841266907}
{"validation": {"step": 3000, "bpb": 1.6490213314035354, "token_ppl": 32.6000093633817, "nll_nats": 1312188.6316557175, "targets": 376599, "utf8_bytes": 1148007, "seconds": 2.3408928999997443}}
{"step": 3100, "loss": 3.2403433322906494, "seconds": 226.08359050000126, "lr": 0.001100487488491375}
{"step": 3200, "loss": 3.191293478012085, "seconds": 233.53921400000127, "lr": 0.001051761762968321}
{"step": 3300, "loss": 3.108398675918579, "seconds": 240.9922557000009, "lr": 0.0010031775285058205}
{"step": 3400, "loss": 3.084278106689453, "seconds": 248.4429611000014, "lr": 0.0009548772910345065}
{"step": 3500, "loss": 3.1204464435577393, "seconds": 255.89219930000127, "lr": 0.0009070027234729055}
{"step": 3600, "loss": 3.104797124862671, "seconds": 263.343074800001, "lr": 0.0008596942501763547}
{"step": 3700, "loss": 3.130988121032715, "seconds": 270.78598990000137, "lr": 0.0008130906350481775}
{"step": 3800, "loss": 3.1428287029266357, "seconds": 278.23457340000095, "lr": 0.0007673285745212428}
{"step": 3900, "loss": 3.07463002204895, "seconds": 285.6826749000011, "lr": 0.0007225422966037758}
{"step": 4000, "loss": 3.0429883003234863, "seconds": 293.13798210000095, "lr": 0.0006788631671654842}
{"validation": {"step": 4000, "bpb": 1.6090227634638756, "token_ppl": 29.958026558415643, "nll_nats": 1280360.2585877609, "targets": 376599, "utf8_bytes": 1148007, "seconds": 2.2653163000004497}}
{"step": 4100, "loss": 2.9572598934173584, "seconds": 300.6002563000002, "lr": 0.0006364193046188258}
{"step": 4200, "loss": 3.0651283264160156, "seconds": 308.0539892000006, "lr": 0.000595335204125632}
{"step": 4300, "loss": 2.8853602409362793, "seconds": 315.5058075000006, "lr": 0.0005557313724313477}
{"step": 4400, "loss": 3.016887664794922, "seconds": 322.96156320000046, "lr": 0.0005177239743979837}
{"step": 4500, "loss": 3.0169906616210938, "seconds": 330.41633750000074, "lr": 0.0004814244922725608}
{"step": 4600, "loss": 3.056281805038452, "seconds": 337.87213020000036, "lr": 0.00044693939869047173}
{"step": 4700, "loss": 2.8975889682769775, "seconds": 345.3218515000008, "lr": 0.00041436984437289733}
{"step": 4800, "loss": 3.055781602859497, "seconds": 352.78238090000104, "lr": 0.0003838113614343121}
{"step": 4900, "loss": 2.978283166885376, "seconds": 360.225738600001, "lr": 0.00035535358317033275}
{"step": 5000, "loss": 2.9817445278167725, "seconds": 367.67412650000097, "lr": 0.00032907998114781834}
{"validation": {"step": 5000, "bpb": 1.5851989050891269, "token_ppl": 28.487302981180296, "nll_nats": 1261402.71357231, "targets": 376599, "utf8_bytes": 1148007, "seconds": 2.404214299999694}}
{"step": 5100, "loss": 2.9242024421691895, "seconds": 375.13771850000103, "lr": 0.00030506762036838406}
{"step": 5200, "loss": 2.8990285396575928, "seconds": 382.5991889000006, "lr": 0.0002833869332234713}
{"step": 5300, "loss": 2.9615824222564697, "seconds": 390.0547264000006, "lr": 0.00026410151290401026}
{"step": 5400, "loss": 3.014488697052002, "seconds": 397.5057203000006, "lr": 0.0002472679268706321}
{"step": 5500, "loss": 2.980823040008545, "seconds": 404.9657023000009, "lr": 0.00023293555093156172}
{"step": 5600, "loss": 2.91534686088562, "seconds": 412.4130215000014, "lr": 0.00022114642441486482}
{"step": 5700, "loss": 2.93693208694458, "seconds": 419.86986910000087, "lr": 0.00021193512685985488}
{"step": 5800, "loss": 2.9207401275634766, "seconds": 427.32780250000087, "lr": 0.0002053286765893464}
{"step": 5900, "loss": 2.961984634399414, "seconds": 434.78725700000086, "lr": 0.00020134645146025943}
{"step": 6000, "loss": 2.8218772411346436, "seconds": 442.23314390000087, "lr": 0.00020000013202502593}
{"validation": {"step": 6000, "bpb": 1.5752802413743463, "token_ppl": 27.89648681150973, "nll_nats": 1253510.0577770853, "targets": 376599, "utf8_bytes": 1148007, "seconds": 2.385270099999616}}
{"candidate": "final", "validation_bpb": 1.5752802413743463}
{
  "protocol": "7506-mp1-wt2-v2",
  "implementation": "student",
  "config": {
    "vocab": 2048,
    "width": 256,
    "heads": 4,
    "depth": 6,
    "context": 256,
    "norm": "rmsnorm",
    "pos": "rope",
    "mlp": "swiglu",
    "mlp_ratio": 2.6666666666666665,
    "dropout": 0.1,
    "tie": true
  },
  "seed": 17,
  "tag": "adamw-lr002",
  "parameters": 5247744,
  "precision": "bf16",
  "train_tokens": 49152000,
  "steps": 6000,
  "batch_size": 32,
  "optimizer": "adamw",
  "lr": 0.002,
  "embedding_lr": 0.0003,
  "warmup": 200,
  "min_lr_ratio": 0.1,
  "weight_decay": 0.1,
  "grad_clip": 1.0,
  "ema_decay": 0.0,
  "ema_start": 0.0,
  "swa_start": 0.0,
  "teacher": null,
  "teacher_parameters": 0,
  "alpha": 0.5,
  "temperature": 1.0,
  "preparation_seconds": 11.96285480000006,
  "train_seconds": 442.2336640000012,
  "validation": {
    "bpb": 1.5752802413743463,
    "token_ppl": 27.89648681150973,
    "nll_nats": 1253510.0577770853,
    "targets": 376599,
    "utf8_bytes": 1148007,
    "seconds": 2.5162020999996457
  },
  "candidate_validation_bpb": {
    "final": 1.5752802413743463
  },
  "selected": "final",
  "history": [],
  "validation_history": [],
  "intermediate_validation_seconds": 13.69540909999887,
  "process_seconds": 473.6243534999994,
  "torch_version": "2.7.1+cu126",
  "threads": 4,
  "checkpoint_sha256": "e121ff3d61700c256bd3f6acb81958c27f7982833f61f42ea89a085ea1aa951f",
  "implementation_sha256": "29bd1cfb9a6c08a2451f5788abcaf82e90816172d65be9c98b386fd93d00744e",
  "device": "cuda:0",
  "device_name": "NVIDIA GeForce RTX 3060 Laptop GPU",
  "peak_allocated_gb": 1.1324928,
  "peak_reserved_gb": 1.32120576
}
