{"step": 100, "loss": 6.002969264984131, "seconds": 8.160057199999756, "lr": 0.01}
{"step": 200, "loss": 5.192131519317627, "seconds": 15.94911409999986, "lr": 0.02}
{"step": 300, "loss": 4.8421759605407715, "seconds": 24.04800410000007, "lr": 0.019987063327294826}
{"step": 400, "loss": 4.431357383728027, "seconds": 32.533331000000544, "lr": 0.019947767369650145}
{"step": 500, "loss": 4.297305107116699, "seconds": 40.877952200000436, "lr": 0.019882226068630073}
{"step": 600, "loss": 4.119123458862305, "seconds": 48.829675099999804, "lr": 0.019790631668163125}
{"step": 700, "loss": 3.912431001663208, "seconds": 56.8822540000001, "lr": 0.019673252830407377}
{"step": 800, "loss": 3.969282388687134, "seconds": 65.38603520000015, "lr": 0.019530433847718073}
{"step": 900, "loss": 3.8239052295684814, "seconds": 73.83835390000058, "lr": 0.01936259363277884}
{"step": 1000, "loss": 3.8222687244415283, "seconds": 82.33604840000044, "lr": 0.019170224489858573}
{"validation": {"step": 1000, "bpb": 1.8219271688359946, "token_ppl": 46.97686859497094, "nll_nats": 1449776.3449891014, "targets": 376599, "utf8_bytes": 1148007, "seconds": 2.006316200000583}}
{"step": 1100, "loss": 3.670684576034546, "seconds": 90.70070839999971, "lr": 0.01895389067079824}
{"step": 1200, "loss": 3.6877694129943848, "seconds": 99.2376566999992, "lr": 0.01871422671996297}
{"step": 1300, "loss": 3.626905679702759, "seconds": 107.58821099999932, "lr": 0.018451935613014128}
{"step": 1400, "loss": 3.502204656600952, "seconds": 116.01500279999982, "lr": 0.018167786694960556}
{"step": 1500, "loss": 3.487457275390625, "seconds": 124.75074499999937, "lr": 0.01786261342353713}
{"step": 1600, "loss": 3.487121343612671, "seconds": 133.6636697999993, "lr": 0.0175373109245296}
{"step": 1700, "loss": 3.6022770404815674, "seconds": 142.22428619999937, "lr": 0.017192833366216447}
{"step": 1800, "loss": 3.5134174823760986, "seconds": 150.8505628999992, "lr": 0.01683019116062891}
{"step": 1900, "loss": 3.545097827911377, "seconds": 159.5318688999996, "lr": 0.01645044799983842}
{"step": 2000, "loss": 3.4565114974975586, "seconds": 168.01013239999975, "lr": 0.016054717735964463}
{"validation": {"step": 2000, "bpb": 1.6943084673469393, "token_ppl": 35.873626413608264, "nll_nats": 1348225.3182731082, "targets": 376599, "utf8_bytes": 1148007, "seconds": 1.9462264000003415}}
{"step": 2100, "loss": 3.3773062229156494, "seconds": 176.2849101999991, "lr": 0.01564416111405442}
{"step": 2200, "loss": 3.4604623317718506, "seconds": 184.60663289999957, "lr": 0.01521998236741833}
{"step": 2300, "loss": 3.4312074184417725, "seconds": 193.07811989999936, "lr": 0.01478342568540513}
{"step": 2400, "loss": 3.412717819213867, "seconds": 201.6746624999996, "lr": 0.014335771563980892}
{"step": 2500, "loss": 3.4379053115844727, "seconds": 210.55969399999958, "lr": 0.01387833304981356}
{"step": 2600, "loss": 3.4493606090545654, "seconds": 219.20938659999956, "lr": 0.013412451888880806}
{"step": 2700, "loss": 3.418701648712158, "seconds": 227.96969609999906, "lr": 0.012939494590897927}
{"step": 2800, "loss": 3.4180428981781006, "seconds": 236.5246875999992, "lr": 0.012460848421109384}
{"step": 2900, "loss": 3.2674307823181152, "seconds": 245.05733799999962, "lr": 0.011977917331200832}
{"step": 3000, "loss": 3.289250612258911, "seconds": 253.48292619999938, "lr": 0.011492117841266906}
{"validation": {"step": 3000, "bpb": 1.6365199138389597, "token_ppl": 31.750154997843467, "nll_nats": 1302240.7809545654, "targets": 376599, "utf8_bytes": 1148007, "seconds": 1.9691925999995874}}
{"step": 3100, "loss": 3.336322546005249, "seconds": 262.0947277999994, "lr": 0.01100487488491375}
{"step": 3200, "loss": 3.265881061553955, "seconds": 270.64151519999996, "lr": 0.01051761762968321}
{"step": 3300, "loss": 3.2092294692993164, "seconds": 279.44255780000003, "lr": 0.010031775285058204}
{"step": 3400, "loss": 3.1686086654663086, "seconds": 288.71698819999983, "lr": 0.009548772910345065}
{"step": 3500, "loss": 3.200866222381592, "seconds": 298.7142731999993, "lr": 0.009070027234729055}
{"step": 3600, "loss": 3.200380325317383, "seconds": 307.7580180999994, "lr": 0.008596942501763547}
{"step": 3700, "loss": 3.224980592727661, "seconds": 316.9034941, "lr": 0.008130906350481774}
{"step": 3800, "loss": 3.232093572616577, "seconds": 325.9738527999998, "lr": 0.007673285745212428}
{"step": 3900, "loss": 3.15317702293396, "seconds": 335.8958296999999, "lr": 0.007225422966037758}
{"step": 4000, "loss": 3.122663736343384, "seconds": 345.56565109999974, "lr": 0.006788631671654841}
{"validation": {"step": 4000, "bpb": 1.5870514060838605, "token_ppl": 28.599028110616484, "nll_nats": 1262876.8186667247, "targets": 376599, "utf8_bytes": 1148007, "seconds": 1.9837999000001219}}
{"step": 4100, "loss": 3.026170253753662, "seconds": 355.55904799999917, "lr": 0.006364193046188258}
{"step": 4200, "loss": 3.149508237838745, "seconds": 364.9432677999994, "lr": 0.00595335204125632}
{"step": 4300, "loss": 2.974393844604492, "seconds": 374.1914591999994, "lr": 0.005557313724313477}
{"step": 4400, "loss": 3.0936405658721924, "seconds": 383.8616585999998, "lr": 0.005177239743979837}
{"step": 4500, "loss": 3.0729787349700928, "seconds": 393.4354567999999, "lr": 0.004814244922725608}
{"step": 4600, "loss": 3.0937767028808594, "seconds": 402.9171596999995, "lr": 0.004469393986904717}
{"step": 4700, "loss": 2.9250237941741943, "seconds": 412.1643486999992, "lr": 0.004143698443728973}
{"step": 4800, "loss": 3.0598931312561035, "seconds": 421.74207619999925, "lr": 0.0038381136143431204}
{"step": 4900, "loss": 3.0024430751800537, "seconds": 431.1064532999999, "lr": 0.0035535358317033273}
{"step": 5000, "loss": 2.984966516494751, "seconds": 441.30358009999964, "lr": 0.0032907998114781833}
{"validation": {"step": 5000, "bpb": 1.546062330295462, "token_ppl": 26.226347767671072, "nll_nats": 1230260.261047162, "targets": 376599, "utf8_bytes": 1148007, "seconds": 2.2962766999999076}}
{"step": 5100, "loss": 2.95090389251709, "seconds": 451.8007084999999, "lr": 0.00305067620368384}
{"step": 5200, "loss": 2.9311838150024414, "seconds": 461.62318679999953, "lr": 0.002833869332234713}
{"step": 5300, "loss": 2.98820424079895, "seconds": 471.1385270999999, "lr": 0.0026410151290401024}
{"step": 5400, "loss": 3.0330443382263184, "seconds": 480.88647689999925, "lr": 0.002472679268706321}
{"step": 5500, "loss": 2.97338604927063, "seconds": 490.27693849999923, "lr": 0.002329355509315617}
{"step": 5600, "loss": 2.898850679397583, "seconds": 499.5397458999996, "lr": 0.002211464244148648}
{"step": 5700, "loss": 2.9308598041534424, "seconds": 508.87549169999966, "lr": 0.002119351268598549}
{"step": 5800, "loss": 2.9109179973602295, "seconds": 518.4996505999998, "lr": 0.0020532867658934638}
{"step": 5900, "loss": 2.9435086250305176, "seconds": 527.9493888999996, "lr": 0.0020134645146025944}
{"step": 6000, "loss": 2.801426887512207, "seconds": 537.3554408999998, "lr": 0.0020000013202502594}
{"validation": {"step": 6000, "bpb": 1.5239515658263432, "token_ppl": 25.02925728391566, "nll_nats": 1212665.8896336034, "targets": 376599, "utf8_bytes": 1148007, "seconds": 1.9807897999999113}}
{"candidate": "final", "validation_bpb": 1.5239515658263432}
{
  "protocol": "7506-mp1-wt2-v2",
  "implementation": "student",
  "config": {
    "vocab": 2048,
    "width": 256,
    "heads": 4,
    "depth": 6,
    "context": 256,
    "norm": "rmsnorm",
    "pos": "rope",
    "mlp": "swiglu",
    "mlp_ratio": 2.6666666666666665,
    "dropout": 0.1,
    "tie": true
  },
  "seed": 17,
  "tag": "muon-lr02",
  "parameters": 5247744,
  "precision": "bf16",
  "train_tokens": 49152000,
  "steps": 6000,
  "batch_size": 32,
  "optimizer": "muon",
  "lr": 0.02,
  "embedding_lr": 0.0003,
  "warmup": 200,
  "min_lr_ratio": 0.1,
  "weight_decay": 0.1,
  "grad_clip": 1.0,
  "ema_decay": 0.0,
  "ema_start": 0.0,
  "swa_start": 0.0,
  "preparation_seconds": 12.382177100000263,
  "train_seconds": 537.3559122999995,
  "validation": {
    "bpb": 1.5239515658263432,
    "token_ppl": 25.02925728391566,
    "nll_nats": 1212665.8896336034,
    "targets": 376599,
    "utf8_bytes": 1148007,
    "seconds": 2.2072535999996035
  },
  "candidate_validation_bpb": {
    "final": 1.5239515658263432
  },
  "selected": "final",
  "history": [],
  "validation_history": [],
  "intermediate_validation_seconds": 12.182601600000453,
  "process_seconds": 567.6590728000001,
  "torch_version": "2.7.1+cu126",
  "threads": 4,
  "checkpoint_sha256": "40ea0c987447299fd31d426311e233c91440d569b1b1426c930426d3df0d8877",
  "implementation_sha256": "29bd1cfb9a6c08a2451f5788abcaf82e90816172d65be9c98b386fd93d00744e",
  "device": "cuda:0",
  "device_name": "NVIDIA GeForce RTX 3060 Laptop GPU",
  "peak_allocated_gb": 1.046503424,
  "peak_reserved_gb": 1.210056704
}
