{"step": 100, "loss": 6.220831394195557, "seconds": 8.912850900000194, "lr": 0.006666666666666667}
{"step": 200, "loss": 5.3762030601501465, "seconds": 17.6644481000003, "lr": 0.013333333333333334}
{"step": 300, "loss": 4.954861164093018, "seconds": 26.695523600000342, "lr": 0.02}
{"step": 400, "loss": 4.5420145988464355, "seconds": 35.605156100000386, "lr": 0.0199988783918011}
{"step": 500, "loss": 4.391514778137207, "seconds": 44.56549470000027, "lr": 0.019995468421463564}
{"step": 600, "loss": 4.17072868347168, "seconds": 53.64725679999992, "lr": 0.01998977084172576}
{"step": 700, "loss": 3.9735724925994873, "seconds": 63.14252620000025, "lr": 0.019981787101521344}
{"step": 800, "loss": 4.006784439086914, "seconds": 72.55524479999985, "lr": 0.019971519231170277}
{"step": 900, "loss": 3.8665506839752197, "seconds": 82.21766449999996, "lr": 0.01995896984186252}
{"step": 1000, "loss": 3.8597137928009033, "seconds": 91.89800519999972, "lr": 0.019944142124993954}
{"step": 1100, "loss": 3.7238566875457764, "seconds": 101.5789193999999, "lr": 0.01992703985135482}
{"step": 1200, "loss": 3.7250213623046875, "seconds": 111.19220940000014, "lr": 0.019907667370170756}
{"step": 1300, "loss": 3.6519460678100586, "seconds": 120.88064630000008, "lr": 0.019886029607996784}
{"step": 1400, "loss": 3.5263218879699707, "seconds": 130.87396979999994, "lr": 0.01986213206746443}
{"step": 1500, "loss": 3.522996187210083, "seconds": 140.5534521999998, "lr": 0.01983598082588238}
{"step": 1600, "loss": 3.5201096534729004, "seconds": 150.4504023999998, "lr": 0.01980758253369097}
{"step": 1700, "loss": 3.6218156814575195, "seconds": 159.93584050000027, "lr": 0.019776944412770947}
{"step": 1800, "loss": 3.565713405609131, "seconds": 169.6170857999996, "lr": 0.019744074254606885}
{"step": 1900, "loss": 3.6069533824920654, "seconds": 179.1819488000001, "lr": 0.019708980418305756}
{"step": 2000, "loss": 3.5033066272735596, "seconds": 189.11341879999964, "lr": 0.019671671828471148}
{"validation": {"step": 2000, "bpb": 1.712601453943537, "token_ppl": 37.2873711759359, "nll_nats": 1362781.7394630364, "targets": 376599, "utf8_bytes": 1148007, "seconds": 2.0481669999999212}}
{"step": 2100, "loss": 3.4397737979888916, "seconds": 199.18394569999964, "lr": 0.019632157972933696}
{"step": 2200, "loss": 3.5141658782958984, "seconds": 208.94474510000055, "lr": 0.019590448900338245}
{"step": 2300, "loss": 3.4895827770233154, "seconds": 218.9748410000002, "lr": 0.019546555217588413}
{"step": 2400, "loss": 3.471773386001587, "seconds": 228.9045814000001, "lr": 0.019500488087149184}
{"step": 2500, "loss": 3.5136942863464355, "seconds": 238.42386679999981, "lr": 0.01945225922420821}
{"step": 2600, "loss": 3.538252353668213, "seconds": 248.23062949999985, "lr": 0.01940188089369658}
{"step": 2700, "loss": 3.500993490219116, "seconds": 257.7381532999998, "lr": 0.01934936590716974}
{"step": 2800, "loss": 3.523836851119995, "seconds": 267.4611514999997, "lr": 0.01929472761954943}
{"step": 2900, "loss": 3.36864972114563, "seconds": 276.8646856000005, "lr": 0.01923797992572745}
{"step": 3000, "loss": 3.399139881134033, "seconds": 286.3057601999999, "lr": 0.019179137257032082}
{"step": 3100, "loss": 3.478837728500366, "seconds": 295.54262610000023, "lr": 0.019118214577558103}
{"step": 3200, "loss": 3.4057538509368896, "seconds": 305.1341895000005, "lr": 0.01905522738036132}
{"step": 3300, "loss": 3.34139084815979, "seconds": 314.9182857000005, "lr": 0.018990191683518575}
{"step": 3400, "loss": 3.325648307800293, "seconds": 324.82729070000005, "lr": 0.01892312402605424}
{"step": 3500, "loss": 3.374098062515259, "seconds": 334.2006379000004, "lr": 0.01885404146373423}
{"step": 3600, "loss": 3.4109740257263184, "seconds": 343.68448830000034, "lr": 0.018782961564728588}
{"step": 3700, "loss": 3.4114861488342285, "seconds": 353.04396050000014, "lr": 0.018709902405143822}
{"step": 3800, "loss": 3.4069290161132812, "seconds": 361.98881210000036, "lr": 0.018634882564425973}
{"step": 3900, "loss": 3.341322898864746, "seconds": 371.31934060000003, "lr": 0.01855792112063578}
{"step": 4000, "loss": 3.351991653442383, "seconds": 380.5887762000002, "lr": 0.018479037645596958}
{"validation": {"step": 4000, "bpb": 1.654658822870117, "token_ppl": 32.990655591395054, "nll_nats": 1316674.5967991813, "targets": 376599, "utf8_bytes": 1148007, "seconds": 1.987560499999745}}
{"step": 4100, "loss": 3.2500967979431152, "seconds": 390.3830112000005, "lr": 0.018398252199918985}
{"step": 4200, "loss": 3.389284610748291, "seconds": 399.44556190000003, "lr": 0.01831558532789553}
{"step": 4300, "loss": 3.197216510772705, "seconds": 408.6467494000008, "lr": 0.018231058052279897}
{"step": 4400, "loss": 3.3296544551849365, "seconds": 418.16625640000075, "lr": 0.01814469186893881}
{"step": 4500, "loss": 3.296673059463501, "seconds": 427.74129660000017, "lr": 0.01805650874138586}
{"step": 4600, "loss": 3.37363338470459, "seconds": 437.3389450000004, "lr": 0.01796653109519602}
{"step": 4700, "loss": 3.199507713317871, "seconds": 446.5348208000005, "lr": 0.017874781812302672}
{"step": 4800, "loss": 3.362743377685547, "seconds": 456.0096588000006, "lr": 0.0177812842251786}
{"step": 4900, "loss": 3.325355052947998, "seconds": 466.05004370000006, "lr": 0.017686062110902345}
{"step": 5000, "loss": 3.2970666885375977, "seconds": 475.85963830000037, "lr": 0.01758913968511155}
{"step": 5100, "loss": 3.2396466732025146, "seconds": 485.2950202000002, "lr": 0.017490541595844757}
{"step": 5200, "loss": 3.2565691471099854, "seconds": 494.58541610000066, "lr": 0.017390292917273228}
{"step": 5300, "loss": 3.3016860485076904, "seconds": 503.74149920000036, "lr": 0.01728841914332444}
{"step": 5400, "loss": 3.3537089824676514, "seconds": 512.8284730000005, "lr": 0.017184946181198774}
{"step": 5500, "loss": 3.2968926429748535, "seconds": 521.6393822, "lr": 0.01707990034478114}
{"step": 5600, "loss": 3.2562308311462402, "seconds": 530.6086355000007, "lr": 0.0169733083479492}
{"step": 5700, "loss": 3.299363136291504, "seconds": 539.6780324000001, "lr": 0.016865197297779817}
{"step": 5800, "loss": 3.2702701091766357, "seconds": 548.6368652000001, "lr": 0.016755594687655556}
{"step": 5900, "loss": 3.323798656463623, "seconds": 557.5679041000003, "lr": 0.016644528390272917}
{"step": 6000, "loss": 3.130612373352051, "seconds": 566.5930834999999, "lr": 0.016532026650554126}
{"validation": {"step": 6000, "bpb": 1.6256205643723758, "token_ppl": 31.027308655704726, "nll_nats": 1293567.7564216922, "targets": 376599, "utf8_bytes": 1148007, "seconds": 1.9631490000001577}}
{"step": 6100, "loss": 3.2125778198242188, "seconds": 575.7404778, "lr": 0.01641811807846425}
{"step": 6200, "loss": 3.2181742191314697, "seconds": 584.8681425000004, "lr": 0.01630283164173551}
{"step": 6300, "loss": 3.2940237522125244, "seconds": 593.8773103000003, "lr": 0.01618619665850053}
{"step": 6400, "loss": 3.3691136837005615, "seconds": 602.6879557000002, "lr": 0.016068242789836595}
{"step": 6500, "loss": 3.2103991508483887, "seconds": 611.7791929000005, "lr": 0.015949000032222625}
{"step": 6600, "loss": 3.156414031982422, "seconds": 620.6818319000004, "lr": 0.015828498709910824}
{"step": 6700, "loss": 3.2102911472320557, "seconds": 629.6246218000006, "lr": 0.01570676946721507}
{"step": 6800, "loss": 3.218276262283325, "seconds": 638.7366006000002, "lr": 0.015583843260717803}
{"step": 6900, "loss": 3.1984951496124268, "seconds": 648.3904659999998, "lr": 0.015459751351397596}
{"step": 7000, "loss": 3.2496697902679443, "seconds": 658.0472449999997, "lr": 0.015334525296679247}
{"step": 7100, "loss": 3.2752180099487305, "seconds": 667.3194463, "lr": 0.015208196942408521}
{"step": 7200, "loss": 3.2855277061462402, "seconds": 676.4309881999998, "lr": 0.015080798414753531}
{"step": 7300, "loss": 3.3106791973114014, "seconds": 685.4872774000005, "lr": 0.01495236211203483}
{"step": 7400, "loss": 3.175201177597046, "seconds": 694.6876131999998, "lr": 0.014822920696486296}
{"step": 7500, "loss": 3.420504331588745, "seconds": 703.7925817000005, "lr": 0.014692507085948905}
{"step": 7600, "loss": 3.190385103225708, "seconds": 712.8180394000001, "lr": 0.014561154445499498}
{"step": 7700, "loss": 3.2232935428619385, "seconds": 721.8715259, "lr": 0.01442889617901666}
{"step": 7800, "loss": 3.2610747814178467, "seconds": 731.1280089000002, "lr": 0.01429576592068591}
{"step": 7900, "loss": 3.141272783279419, "seconds": 740.1459326000004, "lr": 0.01416179752644628}
{"step": 8000, "loss": 3.1658897399902344, "seconds": 749.2813746000002, "lr": 0.014027025065380512}
{"validation": {"step": 8000, "bpb": 1.604742181068682, "token_ppl": 29.688287182696563, "nll_nats": 1276954.0373043418, "targets": 376599, "utf8_bytes": 1148007, "seconds": 1.9672818999997617}}
{"step": 8100, "loss": 3.196129083633423, "seconds": 758.6223967000005, "lr": 0.013891482811051072}
{"step": 8200, "loss": 3.1374096870422363, "seconds": 767.6104193000001, "lr": 0.013755205232784135}
{"step": 8300, "loss": 3.2622721195220947, "seconds": 776.5523058000008, "lr": 0.013618226986903813}
{"step": 8400, "loss": 3.1855292320251465, "seconds": 785.7163068, "lr": 0.01348058290791879}
{"step": 8500, "loss": 3.0749709606170654, "seconds": 794.9133959000001, "lr": 0.01334230799966369}
{"step": 8600, "loss": 3.1993398666381836, "seconds": 804.0692894000003, "lr": 0.013203437426397353}
{"step": 8700, "loss": 3.2056376934051514, "seconds": 813.2376250000007, "lr": 0.013064006503860321}
{"step": 8800, "loss": 3.1259958744049072, "seconds": 822.1932262, "lr": 0.012924050690293802}
{"step": 8900, "loss": 3.2213337421417236, "seconds": 831.0355087000007, "lr": 0.0127836055774224}
{"step": 9000, "loss": 3.2535855770111084, "seconds": 839.9256739000002, "lr": 0.012642706881402895}
{"step": 9100, "loss": 3.100013494491577, "seconds": 848.8205214000009, "lr": 0.01250139043374137}
{"step": 9200, "loss": 3.1041088104248047, "seconds": 857.8377760000003, "lr": 0.012359692172181025}
{"step": 9300, "loss": 3.118788719177246, "seconds": 867.0297475000007, "lr": 0.01221764813156296}
{"step": 9400, "loss": 3.103846549987793, "seconds": 876.0726038000003, "lr": 0.012075294434662254}
{"step": 9500, "loss": 3.1245276927948, "seconds": 885.4856697000005, "lr": 0.011932667283001715}
{"step": 9600, "loss": 3.099273204803467, "seconds": 895.0771614000005, "lr": 0.01178980294764557}
{"step": 9700, "loss": 3.1425418853759766, "seconds": 904.6516397000005, "lr": 0.011646737759975483}
{"step": 9800, "loss": 3.117603302001953, "seconds": 914.0817437000005, "lr": 0.011503508102451257}
{"step": 9900, "loss": 3.0081207752227783, "seconds": 923.4294570000002, "lr": 0.011360150399358494}
{"step": 10000, "loss": 3.1538467407226562, "seconds": 932.9569058000006, "lr": 0.011216701107545666}
{"validation": {"step": 10000, "bpb": 1.5843746545781687, "token_ppl": 28.43773248520703, "nll_nats": 1260746.8262714494, "targets": 376599, "utf8_bytes": 1148007, "seconds": 1.977106399999684}}
{"step": 10100, "loss": 3.0713236331939697, "seconds": 942.6724969000006, "lr": 0.011073196707152892}
{"step": 10200, "loss": 3.0072743892669678, "seconds": 952.2650602000003, "lr": 0.010929673692334779}
{"step": 10300, "loss": 2.9963226318359375, "seconds": 961.6824125000012, "lr": 0.0107861685619797}
{"step": 10400, "loss": 3.1186296939849854, "seconds": 971.3200296000005, "lr": 0.0106427178104279}
{"step": 10500, "loss": 3.16911244392395, "seconds": 980.5752542000009, "lr": 0.010499357918190715}
{"step": 10600, "loss": 3.1562600135803223, "seconds": 989.6897735000011, "lr": 0.010356125342673335}
{"step": 10700, "loss": 3.0634877681732178, "seconds": 998.9675456000004, "lr": 0.010213056508903431}
{"step": 10800, "loss": 3.1952316761016846, "seconds": 1008.1819834000007, "lr": 0.010070187800268025}
{"step": 10900, "loss": 3.0517067909240723, "seconds": 1017.4081215000006, "lr": 0.00992755554926094}
{"step": 11000, "loss": 3.1238808631896973, "seconds": 1026.642160200001, "lr": 0.009785196028243206}
{"step": 11100, "loss": 3.1048076152801514, "seconds": 1035.817586600001, "lr": 0.009643145440218737}
{"step": 11200, "loss": 3.0260119438171387, "seconds": 1044.986994400001, "lr": 0.009501439909627672}
{"step": 11300, "loss": 3.062771797180176, "seconds": 1054.4080914000006, "lr": 0.009360115473159665}
{"step": 11400, "loss": 3.100851058959961, "seconds": 1063.8182107000011, "lr": 0.009219208070589529}
{"step": 11500, "loss": 3.0164761543273926, "seconds": 1073.1213979000004, "lr": 0.009078753535637488}
{"step": 11600, "loss": 3.026977300643921, "seconds": 1082.6457930000006, "lr": 0.008938787586856413}
{"step": 11700, "loss": 2.939589738845825, "seconds": 1091.7771496000005, "lr": 0.008799345818548361}
{"step": 11800, "loss": 2.9995200634002686, "seconds": 1100.9028544000012, "lr": 0.008660463691712703}
{"step": 11900, "loss": 2.9981131553649902, "seconds": 1110.4090994000007, "lr": 0.00852217652502813}
{"step": 12000, "loss": 2.973890781402588, "seconds": 1119.632927900001, "lr": 0.00838451948587088}
{"validation": {"step": 12000, "bpb": 1.5634356888048688, "token_ppl": 27.20698440053341, "nll_nats": 1244084.8993920884, "targets": 376599, "utf8_bytes": 1148007, "seconds": 1.9936231000001499}}
{"step": 12100, "loss": 3.0142154693603516, "seconds": 1129.6054054000006, "lr": 0.008247527581371443}
{"step": 12200, "loss": 2.972679615020752, "seconds": 1138.7869674000003, "lr": 0.008111235649511987}
{"step": 12300, "loss": 2.968205213546753, "seconds": 1148.4928032000007, "lr": 0.007975678350266833}
{"step": 12400, "loss": 2.9448256492614746, "seconds": 1157.9318786000003, "lr": 0.007840890156788188}
{"step": 12500, "loss": 3.0624241828918457, "seconds": 1167.8339708000003, "lr": 0.007706905346639368}
{"step": 12600, "loss": 2.989180564880371, "seconds": 1177.6475030000001, "lr": 0.007573757993077808}
{"step": 12700, "loss": 2.955343008041382, "seconds": 1187.3181751000002, "lr": 0.007441481956389966}
{"step": 12800, "loss": 3.018167018890381, "seconds": 1197.022302200001, "lr": 0.007310110875280443}
{"step": 12900, "loss": 2.9279191493988037, "seconds": 1206.3650020000005, "lr": 0.007179678158317422}
{"step": 13000, "loss": 2.9952914714813232, "seconds": 1216.3261777000007, "lr": 0.00705021697543663}
{"step": 13100, "loss": 2.994598150253296, "seconds": 1226.2292586000003, "lr": 0.006921760249506013}
{"step": 13200, "loss": 3.0019607543945312, "seconds": 1236.0380632000006, "lr": 0.006794340647953215}
{"step": 13300, "loss": 2.958732843399048, "seconds": 1245.962297000001, "lr": 0.006667990574458022}
{"step": 13400, "loss": 2.9630351066589355, "seconds": 1255.4189222000005, "lr": 0.0065427421607118985}
{"step": 13500, "loss": 2.956510543823242, "seconds": 1265.0702059000005, "lr": 0.006418627258246659}
{"step": 13600, "loss": 2.8564200401306152, "seconds": 1275.1523435000008, "lr": 0.006295677430334421}
{"step": 13700, "loss": 2.872952461242676, "seconds": 1284.6904397000008, "lr": 0.006173923943960844}
{"step": 13800, "loss": 2.93281888961792, "seconds": 1294.7054807000004, "lr": 0.006053397761873706}
{"step": 13900, "loss": 2.846282958984375, "seconds": 1304.8583774000008, "lr": 0.0059341295347088855}
{"step": 14000, "loss": 2.9440293312072754, "seconds": 1314.4465064000005, "lr": 0.005816149593195683}
{"validation": {"step": 14000, "bpb": 1.5431330546721198, "token_ppl": 26.064522787552526, "nll_nats": 1227929.3256621938, "targets": 376599, "utf8_bytes": 1148007, "seconds": 2.04580309999983}}
{"step": 14100, "loss": 2.9335286617279053, "seconds": 1324.5585223000007, "lr": 0.00569948794044351}
{"step": 14200, "loss": 2.9432976245880127, "seconds": 1334.5962342000012, "lr": 0.005584174244311888}
Traceback (most recent call last):
  File "D:\Users\2022\Desktop\Comprehensive\HKU\Course\7506AML\Assignment\MP1_student_starter_4d0c8223e8eb0e65f144d038695ac43a\MP1_student_starter\code\train_student.py", line 277, in <module>
    main()
  File "D:\Users\2022\Desktop\Comprehensive\HKU\Course\7506AML\Assignment\MP1_student_starter_4d0c8223e8eb0e65f144d038695ac43a\MP1_student_starter\code\train_student.py", line 203, in main
    swa.update(model)
  File "D:\Users\2022\Desktop\Comprehensive\HKU\Course\7506AML\Assignment\MP1_student_starter_4d0c8223e8eb0e65f144d038695ac43a\MP1_student_starter\code\train_student.py", line 74, in update
    for key in self.sum:
TypeError: 'NoneType' object is not iterable
