{"step": 100, "loss": 6.220831394195557, "seconds": 10.93163149999964, "lr": 0.006666666666666667}
{"step": 200, "loss": 5.3762030601501465, "seconds": 20.04729099999895, "lr": 0.013333333333333334}
{"step": 300, "loss": 4.954861164093018, "seconds": 28.030252999998993, "lr": 0.02}
{"step": 400, "loss": 4.5420145988464355, "seconds": 36.570137099999556, "lr": 0.0199988783918011}
{"step": 500, "loss": 4.391514778137207, "seconds": 44.835237100000086, "lr": 0.019995468421463564}
{"step": 600, "loss": 4.17072868347168, "seconds": 53.14338739999948, "lr": 0.01998977084172576}
{"step": 700, "loss": 3.9735724925994873, "seconds": 61.56537690000005, "lr": 0.019981787101521344}
{"step": 800, "loss": 4.006784439086914, "seconds": 70.1417134000003, "lr": 0.019971519231170277}
{"step": 900, "loss": 3.8665506839752197, "seconds": 78.69092230000024, "lr": 0.01995896984186252}
{"step": 1000, "loss": 3.8597137928009033, "seconds": 87.4947744000001, "lr": 0.019944142124993954}
{"step": 1100, "loss": 3.7238566875457764, "seconds": 96.17181829999936, "lr": 0.01992703985135482}
{"step": 1200, "loss": 3.7250213623046875, "seconds": 104.91968459999953, "lr": 0.019907667370170756}
{"step": 1300, "loss": 3.6519460678100586, "seconds": 114.00514379999913, "lr": 0.019886029607996784}
{"step": 1400, "loss": 3.5263218879699707, "seconds": 122.69623700000011, "lr": 0.01986213206746443}
{"step": 1500, "loss": 3.522996187210083, "seconds": 131.5106737999995, "lr": 0.01983598082588238}
{"step": 1600, "loss": 3.5201096534729004, "seconds": 140.28042450000066, "lr": 0.01980758253369097}
{"step": 1700, "loss": 3.6218156814575195, "seconds": 149.30847259999973, "lr": 0.019776944412770947}
{"step": 1800, "loss": 3.565713405609131, "seconds": 158.22672149999926, "lr": 0.019744074254606885}
{"step": 1900, "loss": 3.6069533824920654, "seconds": 167.11189419999937, "lr": 0.019708980418305756}
{"step": 2000, "loss": 3.5033066272735596, "seconds": 176.04648219999945, "lr": 0.019671671828471148}
{"validation": {"step": 2000, "bpb": 1.712601453943537, "token_ppl": 37.2873711759359, "nll_nats": 1362781.7394630364, "targets": 376599, "utf8_bytes": 1148007, "seconds": 2.0039116000007198}}
{"step": 2100, "loss": 3.4397737979888916, "seconds": 185.30324839999957, "lr": 0.019632157972933696}
{"step": 2200, "loss": 3.5141658782958984, "seconds": 194.40776659999938, "lr": 0.019590448900338245}
{"step": 2300, "loss": 3.4895827770233154, "seconds": 203.3793414999982, "lr": 0.019546555217588413}
{"step": 2400, "loss": 3.471773386001587, "seconds": 212.42249489999995, "lr": 0.019500488087149184}
{"step": 2500, "loss": 3.5136942863464355, "seconds": 221.40858319999825, "lr": 0.01945225922420821}
{"step": 2600, "loss": 3.538252353668213, "seconds": 230.38804449999952, "lr": 0.01940188089369658}
{"step": 2700, "loss": 3.500993490219116, "seconds": 239.34951359999832, "lr": 0.01934936590716974}
{"step": 2800, "loss": 3.523836851119995, "seconds": 248.32392359999903, "lr": 0.01929472761954943}
{"step": 2900, "loss": 3.36864972114563, "seconds": 257.33465089999845, "lr": 0.01923797992572745}
{"step": 3000, "loss": 3.399139881134033, "seconds": 266.5554351999999, "lr": 0.019179137257032082}
{"step": 3100, "loss": 3.4786293506622314, "seconds": 275.85553249999975, "lr": 0.019118214577558103}
{"step": 3200, "loss": 3.4068782329559326, "seconds": 285.19152549999853, "lr": 0.01905522738036132}
{"step": 3300, "loss": 3.34004807472229, "seconds": 294.27775949999887, "lr": 0.018990191683518575}
{"step": 3400, "loss": 3.324965000152588, "seconds": 303.8829190999986, "lr": 0.01892312402605424}
{"step": 3500, "loss": 3.3658344745635986, "seconds": 313.32705299999907, "lr": 0.01885404146373423}
{"step": 3600, "loss": 3.3958473205566406, "seconds": 323.0274827999983, "lr": 0.018782961564728588}
{"step": 3700, "loss": 3.412094831466675, "seconds": 333.0682462999994, "lr": 0.018709902405143822}
{"step": 3800, "loss": 3.4011385440826416, "seconds": 342.80628739999884, "lr": 0.018634882564425973}
{"step": 3900, "loss": 3.3322031497955322, "seconds": 353.0513248999996, "lr": 0.01855792112063578}
{"step": 4000, "loss": 3.3464019298553467, "seconds": 362.5537906999998, "lr": 0.018479037645596958}
{"validation": {"step": 4000, "bpb": 1.656617411747412, "token_ppl": 33.1274675373067, "nll_nats": 1318233.1200334965, "targets": 376599, "utf8_bytes": 1148007, "seconds": 2.0357851999997365}}
{"step": 4100, "loss": 3.254579544067383, "seconds": 372.8376647999994, "lr": 0.018398252199918985}
{"step": 4200, "loss": 3.3858277797698975, "seconds": 382.6097833999993, "lr": 0.01831558532789553}
{"step": 4300, "loss": 3.2116706371307373, "seconds": 392.60328909999953, "lr": 0.018231058052279897}
{"step": 4400, "loss": 3.345672845840454, "seconds": 402.66052820000004, "lr": 0.01814469186893881}
{"step": 4500, "loss": 3.2916953563690186, "seconds": 412.6953021999998, "lr": 0.01805650874138586}
{"step": 4600, "loss": 3.375925302505493, "seconds": 422.0809494999994, "lr": 0.01796653109519602}
{"step": 4700, "loss": 3.2041420936584473, "seconds": 431.9640423000001, "lr": 0.017874781812302672}
{"step": 4800, "loss": 3.3636386394500732, "seconds": 441.83604729999934, "lr": 0.0177812842251786}
{"step": 4900, "loss": 3.3280580043792725, "seconds": 452.02105799999845, "lr": 0.017686062110902345}
{"step": 5000, "loss": 3.3011951446533203, "seconds": 461.9588387999993, "lr": 0.01758913968511155}
{"step": 5100, "loss": 3.2334399223327637, "seconds": 471.7847856999997, "lr": 0.017490541595844757}
{"step": 5200, "loss": 3.2598016262054443, "seconds": 481.71815999999853, "lr": 0.017390292917273228}
{"step": 5300, "loss": 3.2920103073120117, "seconds": 491.85945449999963, "lr": 0.01728841914332444}
{"step": 5400, "loss": 3.349571943283081, "seconds": 501.55071849999877, "lr": 0.017184946181198774}
{"step": 5500, "loss": 3.294018268585205, "seconds": 511.2862430999994, "lr": 0.01707990034478114}
{"step": 5600, "loss": 3.271826982498169, "seconds": 521.1357676999996, "lr": 0.0169733083479492}
{"step": 5700, "loss": 3.2883448600769043, "seconds": 530.9770781999996, "lr": 0.016865197297779817}
{"step": 5800, "loss": 3.2808876037597656, "seconds": 540.9007169999986, "lr": 0.016755594687655556}
{"step": 5900, "loss": 3.317636013031006, "seconds": 550.7961631999988, "lr": 0.016644528390272917}
{"step": 6000, "loss": 3.1313400268554688, "seconds": 560.0683488999985, "lr": 0.016532026650554126}
{"validation": {"step": 6000, "bpb": 1.6259721617071397, "token_ppl": 31.050367728800325, "nll_nats": 1293847.5357167271, "targets": 376599, "utf8_bytes": 1148007, "seconds": 1.976195999999618}}
{"step": 6100, "loss": 3.223639488220215, "seconds": 570.1064581999999, "lr": 0.01641811807846425}
{"step": 6200, "loss": 3.2277238368988037, "seconds": 579.2506904000002, "lr": 0.01630283164173551}
{"step": 6300, "loss": 3.281203031539917, "seconds": 588.8201587000003, "lr": 0.01618619665850053}
{"step": 6400, "loss": 3.366326332092285, "seconds": 598.0908722000004, "lr": 0.016068242789836595}
{"step": 6500, "loss": 3.238713026046753, "seconds": 607.7414649999992, "lr": 0.015949000032222625}
{"step": 6600, "loss": 3.1457271575927734, "seconds": 617.1482587999999, "lr": 0.015828498709910824}
{"step": 6700, "loss": 3.2043702602386475, "seconds": 626.7566898999994, "lr": 0.01570676946721507}
{"step": 6800, "loss": 3.214442253112793, "seconds": 636.0428486000001, "lr": 0.015583843260717803}
{"step": 6900, "loss": 3.191319465637207, "seconds": 645.3759059999993, "lr": 0.015459751351397596}
{"step": 7000, "loss": 3.2413673400878906, "seconds": 654.7207851999992, "lr": 0.015334525296679247}
{"step": 7100, "loss": 3.264446973800659, "seconds": 664.0631692999996, "lr": 0.015208196942408521}
{"step": 7200, "loss": 3.2776265144348145, "seconds": 673.4055004999991, "lr": 0.015080798414753531}
{"step": 7300, "loss": 3.3005714416503906, "seconds": 682.7757194999995, "lr": 0.01495236211203483}
{"step": 7400, "loss": 3.1671106815338135, "seconds": 692.1321372000002, "lr": 0.014822920696486296}
{"step": 7500, "loss": 3.4068078994750977, "seconds": 701.4615481000001, "lr": 0.014692507085948905}
{"step": 7600, "loss": 3.1959598064422607, "seconds": 710.9672097000002, "lr": 0.014561154445499498}
{"step": 7700, "loss": 3.2057700157165527, "seconds": 720.3015409999989, "lr": 0.01442889617901666}
{"step": 7800, "loss": 3.2648112773895264, "seconds": 729.7148060999989, "lr": 0.01429576592068591}
{"step": 7900, "loss": 3.144688606262207, "seconds": 739.4607749000006, "lr": 0.01416179752644628}
{"step": 8000, "loss": 3.161794900894165, "seconds": 748.5835148000006, "lr": 0.014027025065380512}
{"validation": {"step": 8000, "bpb": 1.6040637280688965, "token_ppl": 29.645758249241165, "nll_nats": 1276414.1665965, "targets": 376599, "utf8_bytes": 1148007, "seconds": 1.9781106999998883}}
{"step": 8100, "loss": 3.1823506355285645, "seconds": 758.4687844, "lr": 0.013891482811051072}
{"step": 8200, "loss": 3.1679909229278564, "seconds": 767.9747000999996, "lr": 0.013755205232784135}
{"step": 8300, "loss": 3.2649738788604736, "seconds": 777.214392599999, "lr": 0.013618226986903813}
{"step": 8400, "loss": 3.188579797744751, "seconds": 786.7682846999996, "lr": 0.01348058290791879}
{"step": 8500, "loss": 3.079597234725952, "seconds": 795.6938979999995, "lr": 0.01334230799966369}
{"step": 8600, "loss": 3.196877956390381, "seconds": 805.3098098999999, "lr": 0.013203437426397353}
{"step": 8700, "loss": 3.2101850509643555, "seconds": 814.5808851999991, "lr": 0.013064006503860321}
{"step": 8800, "loss": 3.1325666904449463, "seconds": 823.8981696999999, "lr": 0.012924050690293802}
{"step": 8900, "loss": 3.206528663635254, "seconds": 833.2008478999996, "lr": 0.0127836055774224}
{"step": 9000, "loss": 3.2315518856048584, "seconds": 842.5579954000004, "lr": 0.012642706881402895}
{"step": 9100, "loss": 3.078225612640381, "seconds": 852.6640953000006, "lr": 0.01250139043374137}
{"step": 9200, "loss": 3.0896384716033936, "seconds": 862.6854936, "lr": 0.012359692172181025}
{"step": 9300, "loss": 3.1143906116485596, "seconds": 872.3744891000006, "lr": 0.01221764813156296}
{"step": 9400, "loss": 3.10925555229187, "seconds": 882.2157368000007, "lr": 0.012075294434662254}
{"step": 9500, "loss": 3.11269474029541, "seconds": 891.7732462000004, "lr": 0.011932667283001715}
{"step": 9600, "loss": 3.1003549098968506, "seconds": 900.8688641999997, "lr": 0.01178980294764557}
{"step": 9700, "loss": 3.1347362995147705, "seconds": 909.9771753999994, "lr": 0.011646737759975483}
{"step": 9800, "loss": 3.100219488143921, "seconds": 919.072954199999, "lr": 0.011503508102451257}
{"step": 9900, "loss": 3.0132060050964355, "seconds": 928.152231, "lr": 0.011360150399358494}
{"step": 10000, "loss": 3.1571733951568604, "seconds": 937.2987068000002, "lr": 0.011216701107545666}
{"validation": {"step": 10000, "bpb": 1.5826135585164203, "token_ppl": 28.33210886118525, "nll_nats": 1259345.4555387173, "targets": 376599, "utf8_bytes": 1148007, "seconds": 1.9715465999997832}}
{"step": 10100, "loss": 3.0839900970458984, "seconds": 947.1598128999995, "lr": 0.011073196707152892}
{"step": 10200, "loss": 3.023552179336548, "seconds": 956.7012144, "lr": 0.010929673692334779}
{"step": 10300, "loss": 2.9941093921661377, "seconds": 966.2131678999995, "lr": 0.0107861685619797}
{"step": 10400, "loss": 3.12198805809021, "seconds": 975.7869637000003, "lr": 0.0106427178104279}
{"step": 10500, "loss": 3.1704626083374023, "seconds": 985.3093306999999, "lr": 0.010499357918190715}
{"step": 10600, "loss": 3.149418830871582, "seconds": 994.5247316000005, "lr": 0.010356125342673335}
{"step": 10700, "loss": 3.0692906379699707, "seconds": 1003.9824981000002, "lr": 0.010213056508903431}
{"step": 10800, "loss": 3.2011046409606934, "seconds": 1013.2048868000002, "lr": 0.010070187800268025}
{"step": 10900, "loss": 3.0547358989715576, "seconds": 1022.5089109, "lr": 0.00992755554926094}
{"step": 11000, "loss": 3.112433910369873, "seconds": 1031.8997942999995, "lr": 0.009785196028243206}
{"step": 11100, "loss": 3.0995278358459473, "seconds": 1041.1368657000003, "lr": 0.009643145440218737}
{"step": 11200, "loss": 3.0404250621795654, "seconds": 1050.5326872999995, "lr": 0.009501439909627672}
{"step": 11300, "loss": 3.0553903579711914, "seconds": 1059.887115900001, "lr": 0.009360115473159665}
{"step": 11400, "loss": 3.1134095191955566, "seconds": 1068.9271212000003, "lr": 0.009219208070589529}
{"step": 11500, "loss": 3.0120339393615723, "seconds": 1077.9861689000008, "lr": 0.009078753535637488}
{"step": 11600, "loss": 3.0175411701202393, "seconds": 1086.8261679999996, "lr": 0.008938787586856413}
{"step": 11700, "loss": 2.9479804039001465, "seconds": 1095.5251411999998, "lr": 0.008799345818548361}
{"step": 11800, "loss": 3.0078845024108887, "seconds": 1104.3236971999995, "lr": 0.008660463691712703}
{"step": 11900, "loss": 2.9983952045440674, "seconds": 1113.4666526, "lr": 0.00852217652502813}
{"step": 12000, "loss": 2.9668922424316406, "seconds": 1123.0960011999996, "lr": 0.00838451948587088}
{"validation": {"step": 12000, "bpb": 1.5606673484286002, "token_ppl": 27.04830477375635, "nll_nats": 1241882.0262690336, "targets": 376599, "utf8_bytes": 1148007, "seconds": 2.084106000000247}}
{"step": 12100, "loss": 3.0217931270599365, "seconds": 1133.2216050000006, "lr": 0.008247527581371443}
{"step": 12200, "loss": 2.9754555225372314, "seconds": 1143.0714673999992, "lr": 0.008111235649511987}
{"step": 12300, "loss": 2.9680981636047363, "seconds": 1153.0179016999991, "lr": 0.007975678350266833}
{"step": 12400, "loss": 2.952747106552124, "seconds": 1163.0508377999995, "lr": 0.007840890156788188}
{"step": 12500, "loss": 3.0770270824432373, "seconds": 1173.2448743000004, "lr": 0.007706905346639368}
{"step": 12600, "loss": 2.984048843383789, "seconds": 1182.9446575000002, "lr": 0.007573757993077808}
{"step": 12700, "loss": 2.9657812118530273, "seconds": 1192.3742643000005, "lr": 0.007441481956389966}
{"step": 12800, "loss": 3.0095267295837402, "seconds": 1202.3835768999998, "lr": 0.007310110875280443}
{"step": 12900, "loss": 2.9269790649414062, "seconds": 1212.4789784000004, "lr": 0.007179678158317422}
{"step": 13000, "loss": 3.0013082027435303, "seconds": 1222.2795707000005, "lr": 0.00705021697543663}
{"step": 13100, "loss": 2.9936928749084473, "seconds": 1232.0332677000006, "lr": 0.006921760249506013}
{"step": 13200, "loss": 3.0011184215545654, "seconds": 1241.7982028000006, "lr": 0.006794340647953215}
{"step": 13300, "loss": 2.949838399887085, "seconds": 1251.5489732000005, "lr": 0.006667990574458022}
{"step": 13400, "loss": 2.945296049118042, "seconds": 1261.2859227999998, "lr": 0.0065427421607118985}
{"step": 13500, "loss": 2.936704635620117, "seconds": 1271.1198967, "lr": 0.006418627258246659}
{"step": 13600, "loss": 2.8665854930877686, "seconds": 1280.8840925999993, "lr": 0.006295677430334421}
{"step": 13700, "loss": 2.8832006454467773, "seconds": 1290.6726120999992, "lr": 0.006173923943960844}
{"step": 13800, "loss": 2.9390158653259277, "seconds": 1300.3924686999999, "lr": 0.006053397761873706}
{"step": 13900, "loss": 2.8415751457214355, "seconds": 1310.1624632999992, "lr": 0.0059341295347088855}
{"step": 14000, "loss": 2.9519944190979004, "seconds": 1319.8831315000007, "lr": 0.005816149593195683}
{"validation": {"step": 14000, "bpb": 1.5414682821613837, "token_ppl": 25.97299943994425, "nll_nats": 1226604.6032215075, "targets": 376599, "utf8_bytes": 1148007, "seconds": 1.9922420000002603}}
{"step": 14100, "loss": 2.946592092514038, "seconds": 1330.0989649000003, "lr": 0.00569948794044351}
{"step": 14200, "loss": 2.9276340007781982, "seconds": 1339.9614654999987, "lr": 0.005584174244311888}
{"step": 14300, "loss": 2.9228873252868652, "seconds": 1349.5332211000004, "lr": 0.005470237829865719}
{"step": 14400, "loss": 2.9865946769714355, "seconds": 1359.0654771999998, "lr": 0.005357707671917706}
{"step": 14500, "loss": 2.8613288402557373, "seconds": 1368.5247607000001, "lr": 0.005246612387659875}
{"step": 14600, "loss": 2.9936587810516357, "seconds": 1377.9297005999997, "lr": 0.005136980229386008}
{"step": 14700, "loss": 2.8894846439361572, "seconds": 1387.1696493, "lr": 0.0050288390773069085}
{"step": 14800, "loss": 2.8933305740356445, "seconds": 1396.3329291999999, "lr": 0.00492221643246026}
{"step": 14900, "loss": 2.889449119567871, "seconds": 1406.0713431999993, "lr": 0.0048171394097169295}
{"step": 15000, "loss": 2.725337505340576, "seconds": 1415.5295186000003, "lr": 0.004713634730885468}
{"step": 15100, "loss": 2.8250081539154053, "seconds": 1425.192701599999, "lr": 0.0046117287179165715}
{"step": 15200, "loss": 2.992189645767212, "seconds": 1434.2380116000004, "lr": 0.004511447286209223}
{"step": 15300, "loss": 2.899832010269165, "seconds": 1444.0095029999993, "lr": 0.0044128159380202375}
{"step": 15400, "loss": 2.9019980430603027, "seconds": 1453.8588406999988, "lr": 0.0043158597559788585}
{"step": 15500, "loss": 2.9317009449005127, "seconds": 1463.6318499999998, "lr": 0.004220603396708071}
{"step": 15600, "loss": 2.8762869834899902, "seconds": 1473.7339663999992, "lr": 0.004127071084554258}
{"step": 15700, "loss": 2.833604574203491, "seconds": 1483.9080691, "lr": 0.004035286605426776}
{"step": 15800, "loss": 2.8388938903808594, "seconds": 1494.0569627000004, "lr": 0.003945273300749047}
{"step": 15900, "loss": 2.756389617919922, "seconds": 1503.9175341999999, "lr": 0.0038570540615226537}
{"step": 16000, "loss": 2.88362717628479, "seconds": 1513.4106572, "lr": 0.003770651322506019}
{"validation": {"step": 16000, "bpb": 1.523015937246356, "token_ppl": 24.97982472876032, "nll_nats": 1211921.37459142, "targets": 376599, "utf8_bytes": 1148007, "seconds": 1.993714899999759}}
{"step": 16100, "loss": 2.8998923301696777, "seconds": 1523.7742323999992, "lr": 0.0036860870565090897}
{"step": 16200, "loss": 2.7747251987457275, "seconds": 1533.1466299999993, "lr": 0.003603382768805494}
{"step": 16300, "loss": 2.727759599685669, "seconds": 1542.703412499999, "lr": 0.003522559491663607}
{"step": 16400, "loss": 2.8988840579986572, "seconds": 1551.977084799999, "lr": 0.0034436377789978964}
{"step": 16500, "loss": 2.7717983722686768, "seconds": 1561.5293643000005, "lr": 0.003366637701141928}
{"step": 16600, "loss": 2.7942771911621094, "seconds": 1571.0645182999997, "lr": 0.003291578839744336}
{"step": 16700, "loss": 2.855320453643799, "seconds": 1580.4354695999991, "lr": 0.0032184802827890735}
{"step": 16800, "loss": 2.844721794128418, "seconds": 1590.1971582000006, "lr": 0.003147360619741215}
{"step": 16900, "loss": 2.755995988845825, "seconds": 1600.3209231, "lr": 0.0030782379368195236}
{"step": 17000, "loss": 2.7310311794281006, "seconds": 1609.8195159999996, "lr": 0.0030111298123969956}
{"step": 17100, "loss": 2.7310972213745117, "seconds": 1619.4658194000003, "lr": 0.0029460533125305727}
{"step": 17200, "loss": 2.745389699935913, "seconds": 1629.003023199999, "lr": 0.002883024986621114}
{"step": 17300, "loss": 2.7608518600463867, "seconds": 1638.7749323999997, "lr": 0.0028220608632047767}
{"step": 17400, "loss": 2.6995255947113037, "seconds": 1648.5392782, "lr": 0.002763176445876842}
{"step": 17500, "loss": 2.7219619750976562, "seconds": 1658.0831273000003, "lr": 0.002706386709349056}
{"step": 17600, "loss": 2.7010316848754883, "seconds": 1668.1615865000003, "lr": 0.0026517060956414472}
{"step": 17700, "loss": 2.7885868549346924, "seconds": 1677.9185084, "lr": 0.00259914851040963}
{"step": 17800, "loss": 2.7548654079437256, "seconds": 1687.7680289, "lr": 0.0025487273194084894}
{"step": 17900, "loss": 2.74112606048584, "seconds": 1697.5246398, "lr": 0.0025004553450931905}
{"step": 18000, "loss": 2.6752355098724365, "seconds": 1707.5145472000004, "lr": 0.002454344863358333}
{"validation": {"step": 18000, "bpb": 1.5108255245242574, "token_ppl": 24.34461462793302, "nll_nats": 1202221.0022041723, "targets": 376599, "utf8_bytes": 1148007, "seconds": 1.9793038999996497}}
{"step": 18100, "loss": 2.7409586906433105, "seconds": 1717.7770829, "lr": 0.0024104076004161064}
{"step": 18200, "loss": 2.7074830532073975, "seconds": 1727.7107204999993, "lr": 0.0023686547298142394}
{"step": 18300, "loss": 2.7983241081237793, "seconds": 1737.0289219000006, "lr": 0.002329096869594482}
{"step": 18400, "loss": 2.737372636795044, "seconds": 1747.0978166000004, "lr": 0.002291744079592371}
{"step": 18500, "loss": 2.6789278984069824, "seconds": 1757.0114236999998, "lr": 0.0022566058588789424}
{"step": 18600, "loss": 2.75102162361145, "seconds": 1767.1155651000008, "lr": 0.0022236911433450523}
{"step": 18700, "loss": 2.6999239921569824, "seconds": 1776.9789911000007, "lr": 0.002193008303428918}
{"step": 18800, "loss": 2.7836480140686035, "seconds": 1786.8940469000008, "lr": 0.002164565141987461}
{"step": 18900, "loss": 2.6582705974578857, "seconds": 1796.3405146999994, "lr": 0.002138368892311981}
{"step": 19000, "loss": 2.629871368408203, "seconds": 1806.0020896999995, "lr": 0.002114426216288686}
{"step": 19100, "loss": 2.6861488819122314, "seconds": 1816.2323761999996, "lr": 0.002092743202704527}
{"step": 19200, "loss": 2.6964197158813477, "seconds": 1826.3530183000003, "lr": 0.0020733253656987772}
{"step": 19300, "loss": 2.623521327972412, "seconds": 1836.0989936000005, "lr": 0.0020561776433607477}
{"step": 19400, "loss": 2.7089428901672363, "seconds": 1846.1768169999996, "lr": 0.0020413043964739998}
{"step": 19500, "loss": 2.7378320693969727, "seconds": 1856.3306281000005, "lr": 0.0020287094074073666}
{"step": 19600, "loss": 2.761789321899414, "seconds": 1866.4851617999993, "lr": 0.002018395879153069}
{"step": 19700, "loss": 2.7074851989746094, "seconds": 1876.1807738999996, "lr": 0.002010366434512174}
{"step": 19800, "loss": 2.6709134578704834, "seconds": 1886.1607638000005, "lr": 0.0020046231154276025}
{"step": 19900, "loss": 2.7473628520965576, "seconds": 1896.0159409999997, "lr": 0.0020011673824648414}
{"step": 20000, "loss": 2.649383068084717, "seconds": 1906.2347370999996, "lr": 0.002000000114440516}
{"validation": {"step": 20000, "bpb": 1.510529179651654, "token_ppl": 24.329375672689324, "nll_nats": 1201985.189382668, "targets": 376599, "utf8_bytes": 1148007, "seconds": 2.0008994999989227}}
{"candidate": "final", "validation_bpb": 1.510529179651654}
{"candidate": "ema", "validation_bpb": 1.4711665542080785}
{"candidate": "swa", "validation_bpb": 1.4707874340257368}
{
  "protocol": "7506-mp1-wt2-v2",
  "implementation": "student",
  "config": {
    "vocab": 2048,
    "width": 256,
    "heads": 4,
    "depth": 6,
    "context": 256,
    "norm": "rmsnorm",
    "pos": "rope",
    "mlp": "swiglu",
    "mlp_ratio": 2.6666666666666665,
    "dropout": 0.1,
    "tie": true
  },
  "seed": 17,
  "tag": "muon-long-20k",
  "parameters": 5247744,
  "precision": "bf16",
  "train_tokens": 163840000,
  "steps": 20000,
  "batch_size": 32,
  "optimizer": "muon",
  "lr": 0.02,
  "embedding_lr": 0.0003,
  "warmup": 300,
  "min_lr_ratio": 0.1,
  "weight_decay": 0.1,
  "grad_clip": 1.0,
  "ema_decay": 0.999,
  "ema_start": 0.6,
  "swa_start": 0.75,
  "teacher": null,
  "teacher_parameters": 0,
  "alpha": 0.5,
  "temperature": 1.0,
  "preparation_seconds": 18.91870729999937,
  "train_seconds": 1906.235336300002,
  "validation": {
    "bpb": 1.4707874340257368,
    "token_ppl": 22.36980060728756,
    "nll_nats": 1170361.1795415722,
    "targets": 376599,
    "utf8_bytes": 1148007,
    "seconds": 2.2624075999992783
  },
  "candidate_validation_bpb": {
    "final": 1.510529179651654,
    "ema": 1.4711665542080785,
    "swa": 1.4707874340257368
  },
  "selected": "swa",
  "history": [],
  "validation_history": [],
  "intermediate_validation_seconds": 20.015816399998585,
  "process_seconds": 1955.7697547999996,
  "torch_version": "2.7.1+cu126",
  "threads": 4,
  "checkpoint_sha256": "594b3622624cbc2289a5aba04e86a9d9c12384ec5a4805a01dc71a843e3d03ca",
  "implementation_sha256": "29bd1cfb9a6c08a2451f5788abcaf82e90816172d65be9c98b386fd93d00744e",
  "device": "cuda:0",
  "device_name": "NVIDIA GeForce RTX 3060 Laptop GPU",
  "peak_allocated_gb": 1.160493056,
  "peak_reserved_gb": 1.346371584
}
