{"step": 100, "loss": 5.940028667449951, "seconds": 14.514302300000054, "lr": 0.006666666666666667}
{"step": 200, "loss": 5.157964706420898, "seconds": 30.21105870000065, "lr": 0.013333333333333334}
{"step": 300, "loss": 4.788025856018066, "seconds": 47.5300002999993, "lr": 0.02}
{"step": 400, "loss": 4.311169624328613, "seconds": 65.61878649999926, "lr": 0.019996820305830304}
{"step": 500, "loss": 4.167094707489014, "seconds": 83.6985855999992, "lr": 0.019987154726564666}
{"step": 600, "loss": 3.9470272064208984, "seconds": 101.78831039999932, "lr": 0.019971009906106226}
{"step": 700, "loss": 3.776829481124878, "seconds": 119.85839359999954, "lr": 0.01994839748397706}
{"step": 800, "loss": 3.823913812637329, "seconds": 137.072897, "lr": 0.01991933376248211}
{"step": 900, "loss": 3.698807716369629, "seconds": 158.39543050000066, "lr": 0.01988383969495613}
{"step": 1000, "loss": 3.70451283454895, "seconds": 180.07556739999927, "lr": 0.019841940870657514}
{"step": 1100, "loss": 3.5537984371185303, "seconds": 202.35365920000004, "lr": 0.019793667496319816}
{"step": 1200, "loss": 3.582322120666504, "seconds": 220.5157880000006, "lr": 0.019739054374374402}
{"step": 1300, "loss": 3.5002121925354004, "seconds": 238.8097340000004, "lr": 0.019678140877859816}
{"step": 1400, "loss": 3.3859505653381348, "seconds": 257.0611121000002, "lr": 0.01961097092203597}
{"step": 1500, "loss": 3.3880066871643066, "seconds": 279.46719459999986, "lr": 0.019537592932723717}
{"step": 1600, "loss": 3.36710262298584, "seconds": 301.80593210000006, "lr": 0.019458059811392484}
{"step": 1700, "loss": 3.474057674407959, "seconds": 322.07657049999943, "lr": 0.019372428897021243}
{"step": 1800, "loss": 3.4335429668426514, "seconds": 342.2769074000007, "lr": 0.019280761924760293}
{"step": 1900, "loss": 3.451169013977051, "seconds": 360.5098233000008, "lr": 0.01918312498142362}
{"step": 2000, "loss": 3.370999574661255, "seconds": 378.8100247000002, "lr": 0.019079588457843962}
{"validation": {"step": 2000, "bpb": 1.6742322039081765, "token_ppl": 34.38368183903287, "nll_nats": 1332249.8762646972, "targets": 376599, "utf8_bytes": 1148007, "seconds": 4.108419700000013}}
{"step": 2100, "loss": 3.2925496101379395, "seconds": 397.0096279999998, "lr": 0.018970226998124937}
{"step": 2200, "loss": 3.3645577430725098, "seconds": 413.8451788000002, "lr": 0.018855119445826737}
{"step": 2300, "loss": 3.351341724395752, "seconds": 430.5132780999993, "lr": 0.018734348787124322}
{"step": 2400, "loss": 3.332582950592041, "seconds": 446.72551399999975, "lr": 0.018608002090978945}
{"step": 2500, "loss": 3.3685426712036133, "seconds": 462.20968379999977, "lr": 0.01847617044636628}
{"step": 2600, "loss": 3.3950119018554688, "seconds": 477.70516959999986, "lr": 0.018338948896606297}
{"step": 2700, "loss": 3.3763890266418457, "seconds": 493.4635092000008, "lr": 0.018196436370842287}
{"step": 2800, "loss": 3.3644111156463623, "seconds": 509.2529106999991, "lr": 0.018048735612718438}
{"step": 2900, "loss": 3.2164628505706787, "seconds": 525.0149440999994, "lr": 0.017895953106307327}
{"step": 3000, "loss": 3.218808889389038, "seconds": 540.6928932999999, "lr": 0.017738198999340826}
{"step": 3100, "loss": 3.30659556388855, "seconds": 556.2570407000003, "lr": 0.01757558702379966}
{"step": 3200, "loss": 3.247546672821045, "seconds": 574.0511943999991, "lr": 0.01740823441391897}
{"step": 3300, "loss": 3.182363271713257, "seconds": 592.1527817999995, "lr": 0.01723626182166888}
{"step": 3400, "loss": 3.142368793487549, "seconds": 610.2423044999996, "lr": 0.017059793229771147}
{"step": 3500, "loss": 3.1881675720214844, "seconds": 628.3413388000008, "lr": 0.016878955862314433}
{"step": 3600, "loss": 3.2221291065216064, "seconds": 646.4479363999999, "lr": 0.01669388009303282}
{"step": 3700, "loss": 3.2315926551818848, "seconds": 664.5524263000007, "lr": 0.01650469935131353}
{"step": 3800, "loss": 3.226233720779419, "seconds": 682.6815898000004, "lr": 0.01631155002600176}
{"step": 3900, "loss": 3.1523656845092773, "seconds": 700.8418330999993, "lr": 0.01611457136707183}
{"step": 4000, "loss": 3.1493117809295654, "seconds": 718.9969345000009, "lr": 0.015913905385235676}
{"validation": {"step": 4000, "bpb": 1.6096190278927898, "token_ppl": 29.995793911315147, "nll_nats": 1280834.7287417739, "targets": 376599, "utf8_bytes": 1148007, "seconds": 3.6808624000004784}}
{"step": 4100, "loss": 3.0618810653686523, "seconds": 737.0995848000002, "lr": 0.01570969674956099}
{"step": 4200, "loss": 3.200315237045288, "seconds": 755.2289381999999, "lr": 0.015502092683172831}
{"step": 4300, "loss": 3.0138115882873535, "seconds": 773.3273381999988, "lr": 0.015291242857113883}
{"step": 4400, "loss": 3.1541824340820312, "seconds": 791.4439421999996, "lr": 0.015077299282439937}
{"step": 4500, "loss": 3.0885629653930664, "seconds": 809.5559522000003, "lr": 0.014860416200628312}
{"step": 4600, "loss": 3.175135374069214, "seconds": 827.7282183999996, "lr": 0.014640749972378306}
{"step": 4700, "loss": 2.992286443710327, "seconds": 845.8927723999986, "lr": 0.014418458964883767}
{"step": 4800, "loss": 3.1614089012145996, "seconds": 864.0132801, "lr": 0.014193703437659118}
{"step": 4900, "loss": 3.102538585662842, "seconds": 882.3096932999997, "lr": 0.013966645427001117}
{"step": 5000, "loss": 3.0766358375549316, "seconds": 900.6234432000001, "lr": 0.013737448629169662}
{"step": 5100, "loss": 3.0079665184020996, "seconds": 918.8925566999987, "lr": 0.013506278282371833}
{"step": 5200, "loss": 3.021218776702881, "seconds": 937.1894622999989, "lr": 0.01327330104763429}
{"step": 5300, "loss": 3.071028232574463, "seconds": 955.5083701999993, "lr": 0.013038684888649907}
{"step": 5400, "loss": 3.1339497566223145, "seconds": 973.7564836999991, "lr": 0.012802598950685242}
{"step": 5500, "loss": 3.0836403369903564, "seconds": 991.9916285999989, "lr": 0.012565213438636149}
{"step": 5600, "loss": 3.029221534729004, "seconds": 1010.2303362999992, "lr": 0.012326699494319485}
{"step": 5700, "loss": 3.0470128059387207, "seconds": 1028.4527633999987, "lr": 0.012087229073089317}
{"step": 5800, "loss": 3.0195841789245605, "seconds": 1046.6740332999998, "lr": 0.011846974819866631}
{"step": 5900, "loss": 3.0866222381591797, "seconds": 1064.865576799999, "lr": 0.011606109944671905}
{"step": 6000, "loss": 2.874199628829956, "seconds": 1083.1473890999987, "lr": 0.011364808097750274}
{"validation": {"step": 6000, "bpb": 1.566527265345989, "token_ppl": 27.38529226723217, "nll_nats": 1246544.9837547925, "targets": 376599, "utf8_bytes": 1148007, "seconds": 4.819457899999179}}
{"step": 6100, "loss": 2.9540460109710693, "seconds": 1101.4642779000005, "lr": 0.011123243244379289}
{"step": 6200, "loss": 2.9522829055786133, "seconds": 1119.6983170000003, "lr": 0.010881589539449605}
{"step": 6300, "loss": 3.001155376434326, "seconds": 1138.0600816000006, "lr": 0.010640021201908934}
{"step": 6400, "loss": 3.127610921859741, "seconds": 1156.4891735, "lr": 0.010398712389159822}
{"step": 6500, "loss": 2.928351879119873, "seconds": 1174.5933953000003, "lr": 0.010157837071501806}
{"step": 6600, "loss": 2.8673434257507324, "seconds": 1192.7385524000001, "lr": 0.009917568906708448}
{"step": 6700, "loss": 2.892321825027466, "seconds": 1210.8608184000004, "lr": 0.009678081114829698}
{"step": 6800, "loss": 2.9321703910827637, "seconds": 1228.9672396999995, "lr": 0.009439546353309828}
{"step": 6900, "loss": 2.8915340900421143, "seconds": 1247.0716145000006, "lr": 0.00920213659251095}
{"step": 7000, "loss": 2.893435001373291, "seconds": 1265.2282333000003, "lr": 0.008966022991731928}
{"step": 7100, "loss": 2.9748775959014893, "seconds": 1283.3283704999994, "lr": 0.008731375775811977}
{"step": 7200, "loss": 2.930635929107666, "seconds": 1301.4729800000005, "lr": 0.008498364112407985}
{"step": 7300, "loss": 2.973926305770874, "seconds": 1319.8426586999994, "lr": 0.008267155990033987}
{"step": 7400, "loss": 2.8304617404937744, "seconds": 1338.1748387000007, "lr": 0.008037918096950744}
{"step": 7500, "loss": 3.059783697128296, "seconds": 1356.6123903999996, "lr": 0.007810815700992749}
{"step": 7600, "loss": 2.8486502170562744, "seconds": 1374.9798885, "lr": 0.007586012530419226}
{"step": 7700, "loss": 2.861839532852173, "seconds": 1393.3427969000004, "lr": 0.007363670655875161}
{"step": 7800, "loss": 2.8899638652801514, "seconds": 1411.689971400001, "lr": 0.007143950373547301}
{"step": 7900, "loss": 2.7647814750671387, "seconds": 1430.0618324000006, "lr": 0.006927010089599499}
{"step": 8000, "loss": 2.817744731903076, "seconds": 1448.5421217000003, "lr": 0.006713006205970626}
{"validation": {"step": 8000, "bpb": 1.527094608756715, "token_ppl": 25.19603269074774, "nll_nats": 1215166.9277484529, "targets": 376599, "utf8_bytes": 1148007, "seconds": 4.920842200001061}}
{"step": 8100, "loss": 2.8293282985687256, "seconds": 1466.9666936999984, "lr": 0.006502093007617416}
{"step": 8200, "loss": 2.7628841400146484, "seconds": 1485.5708598, "lr": 0.006294422551283575}
{"step": 8300, "loss": 2.884821653366089, "seconds": 1504.1514989999996, "lr": 0.006090144555875274}
{"step": 8400, "loss": 2.7914352416992188, "seconds": 1522.715452999999, "lr": 0.005889406294522091}
{"step": 8500, "loss": 2.652977705001831, "seconds": 1541.3875430999997, "lr": 0.00569235248840125}
{"step": 8600, "loss": 2.829397439956665, "seconds": 1559.9551279999996, "lr": 0.005499125202401658}
{"step": 8700, "loss": 2.75510311126709, "seconds": 1578.5131849999998, "lr": 0.005309863742702985}
{"step": 8800, "loss": 2.7234690189361572, "seconds": 1597.2015530999997, "lr": 0.005124704556343605}
{"step": 8900, "loss": 2.7852303981781006, "seconds": 1615.7458619999998, "lr": 0.004943781132849846}
{"step": 9000, "loss": 2.7969377040863037, "seconds": 1634.335286399999, "lr": 0.004767223907997428}
{"step": 9100, "loss": 2.6218502521514893, "seconds": 1652.9752218999984, "lr": 0.004595160169774475}
{"step": 9200, "loss": 2.6674413681030273, "seconds": 1671.4913658999994, "lr": 0.004427713966613936}
{"step": 9300, "loss": 2.6698646545410156, "seconds": 1690.0236539999987, "lr": 0.004265006017961525}
{"step": 9400, "loss": 2.6297898292541504, "seconds": 1708.518830699999, "lr": 0.004107153627243666}
{"step": 9500, "loss": 2.6690618991851807, "seconds": 1727.0571811999998, "lr": 0.003954270597298243}
{"step": 9600, "loss": 2.660609006881714, "seconds": 1745.5147156999992, "lr": 0.0038064671483290227}
{"step": 9700, "loss": 2.659517288208008, "seconds": 1763.918184799999, "lr": 0.0036638498384430115}
{"step": 9800, "loss": 2.6182215213775635, "seconds": 1782.8812168999993, "lr": 0.0035265214868279438}
{"step": 9900, "loss": 2.505924701690674, "seconds": 1802.4633407000001, "lr": 0.0033945810996253377}
{"step": 10000, "loss": 2.672015905380249, "seconds": 1821.7960686999995, "lr": 0.003268123798552547}
{"validation": {"step": 10000, "bpb": 1.4971880848526449, "token_ppl": 23.653126965485978, "nll_nats": 1191369.1757534195, "targets": 376599, "utf8_bytes": 1148007, "seconds": 5.397832599999674}}
{"step": 10100, "loss": 2.563530445098877, "seconds": 1841.1956026999997, "lr": 0.003147240752325283}
{"step": 10200, "loss": 2.5051069259643555, "seconds": 1860.2377275999988, "lr": 0.00303201911092999}
{"step": 10300, "loss": 2.4631247520446777, "seconds": 1878.6521632000004, "lr": 0.0029225419427935427}
{"step": 10400, "loss": 2.620945692062378, "seconds": 1897.0607304000005, "lr": 0.0028188881748955077}
{"step": 10500, "loss": 2.6412341594696045, "seconds": 1916.3963998999989, "lr": 0.002721132535866158}
{"step": 10600, "loss": 2.621731758117676, "seconds": 1936.1140436999995, "lr": 0.0026293455021112635}
{"step": 10700, "loss": 2.532853603363037, "seconds": 1955.7688234999987, "lr": 0.0025435932470025007}
{"step": 10800, "loss": 2.6922433376312256, "seconds": 1974.830224899999, "lr": 0.0024639375931701274}
{"step": 10900, "loss": 2.5241000652313232, "seconds": 1993.1956830999989, "lr": 0.0023904359679322675}
{"step": 11000, "loss": 2.5731966495513916, "seconds": 2011.5768650999998, "lr": 0.0023231413618930103}
{"step": 11100, "loss": 2.561284065246582, "seconds": 2030.0892095999989, "lr": 0.002262102290739103}
{"step": 11200, "loss": 2.482600450515747, "seconds": 2049.5795443999996, "lr": 0.0022073627602628423}
{"step": 11300, "loss": 2.5171902179718018, "seconds": 2068.836090999999, "lr": 0.002158962234636315}
{"step": 11400, "loss": 2.5060200691223145, "seconds": 2088.357559, "lr": 0.00211693560795993}
{"step": 11500, "loss": 2.4670305252075195, "seconds": 2106.820896199999, "lr": 0.002081313179105692}
{"step": 11600, "loss": 2.4921069145202637, "seconds": 2125.444475299999, "lr": 0.0020521206298733962}
{"step": 11700, "loss": 2.3800854682922363, "seconds": 2145.2884329999997, "lr": 0.002029379006475472}
{"step": 11800, "loss": 2.4301419258117676, "seconds": 2165.0956804999987, "lr": 0.0020131047043638276}
{"step": 11900, "loss": 2.478346109390259, "seconds": 2184.9090278000003, "lr": 0.002003309456409636}
{"step": 12000, "loss": 2.436448335647583, "seconds": 2204.255494199999, "lr": 0.0020000003244445876}
{"validation": {"step": 12000, "bpb": 1.4986817759984838, "token_ppl": 23.72789668034858, "nll_nats": 1192557.762282562, "targets": 376599, "utf8_bytes": 1148007, "seconds": 5.356317400000989}}
{"candidate": "final", "validation_bpb": 1.4986817759984838}
{"candidate": "ema", "validation_bpb": 1.4550689890910897}
{"candidate": "swa", "validation_bpb": 1.453737877954591}
{
  "protocol": "7506-mp1-wt2-v2",
  "implementation": "student",
  "config": {
    "vocab": 2048,
    "context": 256,
    "norm": "rmsnorm",
    "pos": "rope",
    "mlp": "swiglu",
    "mlp_ratio": 2.6666666666666665,
    "dropout": 0.1,
    "tie": true,
    "width": 320,
    "heads": 5,
    "depth": 8
  },
  "seed": 17,
  "tag": "teacher-m",
  "parameters": 10488640,
  "precision": "bf16",
  "train_tokens": 98304000,
  "steps": 12000,
  "batch_size": 32,
  "optimizer": "muon",
  "lr": 0.02,
  "embedding_lr": 0.0003,
  "warmup": 300,
  "min_lr_ratio": 0.1,
  "weight_decay": 0.1,
  "grad_clip": 1.0,
  "ema_decay": 0.999,
  "ema_start": 0.6,
  "swa_start": 0.75,
  "teacher": null,
  "teacher_parameters": 0,
  "alpha": 0.5,
  "temperature": 1.0,
  "preparation_seconds": 12.744588600000498,
  "train_seconds": 2204.2561345999984,
  "validation": {
    "bpb": 1.453737877954591,
    "token_ppl": 21.578271701246088,
    "nll_nats": 1156794.2030414608,
    "targets": 376599,
    "utf8_bytes": 1148007,
    "seconds": 5.48404969999865
  },
  "candidate_validation_bpb": {
    "final": 1.4986817759984838,
    "ema": 1.4550689890910897,
    "swa": 1.453737877954591
  },
  "selected": "swa",
  "history": [],
  "validation_history": [],
  "intermediate_validation_seconds": 28.283732200001396,
  "process_seconds": 2268.1206999000005,
  "torch_version": "2.7.1+cu126",
  "threads": 4,
  "checkpoint_sha256": "0128b3d93ce71187dcd6657c5d817136b21b44bcae4a061fa90c9a1d236c9017",
  "implementation_sha256": "29bd1cfb9a6c08a2451f5788abcaf82e90816172d65be9c98b386fd93d00744e",
  "device": "cuda:0",
  "device_name": "NVIDIA GeForce RTX 3060 Laptop GPU",
  "peak_allocated_gb": 1.771570176,
  "peak_reserved_gb": 1.902116864
}
