{"step": 100, "loss": 4.944455623626709, "seconds": 14.451103900000817, "lr": 0.006666666666666667}
{"step": 200, "loss": 4.057790756225586, "seconds": 28.34093480000047, "lr": 0.013333333333333334}
{"step": 300, "loss": 3.538541793823242, "seconds": 42.696535300001415, "lr": 0.02}
{"step": 400, "loss": 3.0589680671691895, "seconds": 57.151090500001374, "lr": 0.01999798566463331}
{"step": 500, "loss": 2.8749594688415527, "seconds": 71.77400959999977, "lr": 0.019991861988827388}
{"step": 600, "loss": 2.6978466510772705, "seconds": 86.40806500000144, "lr": 0.019981631563846768}
{"step": 700, "loss": 2.5114989280700684, "seconds": 101.38709130000098, "lr": 0.01996729906211519}
{"step": 800, "loss": 2.4804606437683105, "seconds": 116.44931520000137, "lr": 0.01994887102955047}
{"step": 900, "loss": 2.3513453006744385, "seconds": 131.56318100000135, "lr": 0.01992635588257488}
{"step": 1000, "loss": 2.3405022621154785, "seconds": 146.85357459999977, "lr": 0.01989976390427122}
{"step": 1100, "loss": 2.228734016418457, "seconds": 162.36081809999996, "lr": 0.01986910723968631}
{"step": 1200, "loss": 2.2313830852508545, "seconds": 177.71503620000112, "lr": 0.01983439989028416}
{"step": 1300, "loss": 2.162688732147217, "seconds": 193.09368610000092, "lr": 0.01979565770755123}
{"step": 1400, "loss": 2.090695381164551, "seconds": 208.59062660000018, "lr": 0.019752898385756747}
{"step": 1500, "loss": 2.0821304321289062, "seconds": 224.0648527000012, "lr": 0.019706141453871433}
{"step": 1600, "loss": 2.069260835647583, "seconds": 239.48650970000017, "lr": 0.019655408266648248}
{"step": 1700, "loss": 2.1438400745391846, "seconds": 254.88347220000105, "lr": 0.01960072199486929}
{"step": 1800, "loss": 2.0772242546081543, "seconds": 270.4173436000001, "lr": 0.019542107614763257}
{"step": 1900, "loss": 2.0806989669799805, "seconds": 286.15661490000093, "lr": 0.019479591896598362}
{"step": 2000, "loss": 2.032761335372925, "seconds": 301.8174669, "lr": 0.019413203392455836}
{"step": 2100, "loss": 1.9756693840026855, "seconds": 317.1615227000002, "lr": 0.019342972423189688}
{"step": 2200, "loss": 2.024317979812622, "seconds": 333.006328200001, "lr": 0.019268931064578592}
{"step": 2300, "loss": 2.016796588897705, "seconds": 349.0328649000003, "lr": 0.019191113132676314}
{"step": 2400, "loss": 2.007152795791626, "seconds": 364.6707049000015, "lr": 0.019109554168367255}
{"step": 2500, "loss": 2.022979736328125, "seconds": 380.2898344000005, "lr": 0.019024291421134317}
{"validation": {"step": 2500, "bpb": 1.6231039817134547, "token_ppl": 30.86276089131527, "nll_nats": 1291565.2164346275, "targets": 376599, "utf8_bytes": 1148007, "seconds": 2.5358390000001236}}
{"step": 2600, "loss": 2.0195932388305664, "seconds": 396.065506500001, "lr": 0.01893536383204636}
{"step": 2700, "loss": 2.0072181224823, "seconds": 411.57914170000004, "lr": 0.018842812015973084}
{"step": 2800, "loss": 2.0021259784698486, "seconds": 427.08267069999965, "lr": 0.018746678243035494}
{"step": 2900, "loss": 1.9134976863861084, "seconds": 442.4562192000012, "lr": 0.01864700641930033}
{"step": 3000, "loss": 1.9153432846069336, "seconds": 458.26050589999977, "lr": 0.018543842066727382}
{"step": 3100, "loss": 1.968019962310791, "seconds": 473.83846430000085, "lr": 0.018437232302378762}
{"step": 3200, "loss": 1.931296467781067, "seconds": 489.50860450000073, "lr": 0.018327225816899658}
{"step": 3300, "loss": 1.9076831340789795, "seconds": 505.2625005000009, "lr": 0.01821387285228045}
{"step": 3400, "loss": 1.8754909038543701, "seconds": 521.0747055000011, "lr": 0.018097225178910232}
{"step": 3500, "loss": 1.898503303527832, "seconds": 536.4975106000002, "lr": 0.017977336071932342}
{"step": 3600, "loss": 1.9321016073226929, "seconds": 552.0950466000013, "lr": 0.017854260286912622}
{"step": 3700, "loss": 1.913607120513916, "seconds": 567.7599854, "lr": 0.01772805403483153}
{"step": 3800, "loss": 1.9182184934616089, "seconds": 583.2627420999997, "lr": 0.017598774956411562}
{"step": 3900, "loss": 1.8736000061035156, "seconds": 598.9562036000007, "lr": 0.01746648209579165}
{"step": 4000, "loss": 1.8633270263671875, "seconds": 614.7509577000001, "lr": 0.01733123587356064}
{"step": 4100, "loss": 1.8167163133621216, "seconds": 630.6023544, "lr": 0.017193098059162092}
{"step": 4200, "loss": 1.891876220703125, "seconds": 646.4172658999996, "lr": 0.017052131742683007}
{"step": 4300, "loss": 1.7895450592041016, "seconds": 662.0703694000003, "lr": 0.016908401306039458}
{"step": 4400, "loss": 1.8551146984100342, "seconds": 677.7549698000003, "lr": 0.01676197239357216}
{"step": 4500, "loss": 1.814553141593933, "seconds": 693.3703088000002, "lr": 0.016612911882065495}
{"step": 4600, "loss": 1.8821754455566406, "seconds": 709.2536103000002, "lr": 0.016461287850203656}
{"step": 4700, "loss": 1.7855305671691895, "seconds": 724.6873797000007, "lr": 0.016307169547477837}
{"step": 4800, "loss": 1.8836913108825684, "seconds": 740.0851232000005, "lr": 0.01615062736255875}
{"step": 4900, "loss": 1.8487868309020996, "seconds": 755.9610995000003, "lr": 0.01599173279114879}
{"step": 5000, "loss": 1.8367283344268799, "seconds": 771.792215200001, "lr": 0.015830558403328632}
{"validation": {"step": 5000, "bpb": 1.5733343170293714, "token_ppl": 27.782021532688322, "nll_nats": 1251961.6121900505, "targets": 376599, "utf8_bytes": 1148007, "seconds": 2.504066800000146}}
{"step": 5100, "loss": 1.7831377983093262, "seconds": 787.7724051000005, "lr": 0.015667177810413154}
{"step": 5200, "loss": 1.8094146251678467, "seconds": 803.5155560000003, "lr": 0.015501665631331771}
{"step": 5300, "loss": 1.817579984664917, "seconds": 819.2995079000011, "lr": 0.015334097458548619}
{"step": 5400, "loss": 1.8529067039489746, "seconds": 834.7451395000007, "lr": 0.01516454982353806}
{"step": 5500, "loss": 1.8183468580245972, "seconds": 850.4940784999999, "lr": 0.014993100161831361}
{"step": 5600, "loss": 1.7909343242645264, "seconds": 866.2008846999997, "lr": 0.014819826777650442}
{"step": 5700, "loss": 1.8054319620132446, "seconds": 882.0202222000007, "lr": 0.014644808808144918}
{"step": 5800, "loss": 1.7935034036636353, "seconds": 897.8639557000006, "lr": 0.014468126187248687}
{"step": 5900, "loss": 1.8194851875305176, "seconds": 913.6194620000006, "lr": 0.014289859609172626}
{"step": 6000, "loss": 1.6932530403137207, "seconds": 929.5184389000005, "lr": 0.014110090491550072}
{"step": 6100, "loss": 1.7512145042419434, "seconds": 945.5555354999997, "lr": 0.013928900938251871}
{"step": 6200, "loss": 1.7681474685668945, "seconds": 961.5366993999996, "lr": 0.013746373701888043}
{"step": 6300, "loss": 1.783703088760376, "seconds": 977.0983749999996, "lr": 0.013562592146013124}
{"step": 6400, "loss": 1.8355793952941895, "seconds": 992.9893462, "lr": 0.0133776402070525}
{"step": 6500, "loss": 1.7448046207427979, "seconds": 1008.7929949000008, "lr": 0.013191602355967095}
{"step": 6600, "loss": 1.697986364364624, "seconds": 1024.5153744, "lr": 0.01300456355967392}
{"step": 6700, "loss": 1.738060474395752, "seconds": 1040.958086300001, "lr": 0.012816609242240125}
{"step": 6800, "loss": 1.738157033920288, "seconds": 1057.697519700001, "lr": 0.012627825245868243}
{"step": 6900, "loss": 1.7084193229675293, "seconds": 1075.4239146, "lr": 0.012438297791690478}
{"step": 7000, "loss": 1.7450926303863525, "seconds": 1093.0034056000004, "lr": 0.012248113440389926}
{"step": 7100, "loss": 1.7724779844284058, "seconds": 1110.633601900001, "lr": 0.012057359052666701}
{"step": 7200, "loss": 1.772079586982727, "seconds": 1128.3115967000012, "lr": 0.011866121749567075}
{"step": 7300, "loss": 1.7942273616790771, "seconds": 1146.0963026999998, "lr": 0.01167448887269367}
{"step": 7400, "loss": 1.719519853591919, "seconds": 1163.8844446000003, "lr": 0.011482547944314945}
{"step": 7500, "loss": 1.8277716636657715, "seconds": 1181.7542217999999, "lr": 0.011290386627392165}
{"validation": {"step": 7500, "bpb": 1.53423717340486, "token_ppl": 25.579173552855437, "nll_nats": 1220850.5365373, "targets": 376599, "utf8_bytes": 1148007, "seconds": 3.8130992999995215}}
{"step": 7600, "loss": 1.7088888883590698, "seconds": 1199.6344800000006, "lr": 0.011098092685542104}
{"step": 7700, "loss": 1.7177612781524658, "seconds": 1217.3926490000013, "lr": 0.01090575394295379}
{"step": 7800, "loss": 1.7461192607879639, "seconds": 1235.2942636000007, "lr": 0.010713458244277566}
{"step": 7900, "loss": 1.6613023281097412, "seconds": 1253.2450222000007, "lr": 0.010521293414504833}
{"step": 8000, "loss": 1.6828608512878418, "seconds": 1271.810453600001, "lr": 0.010329347218856753}
{"step": 8100, "loss": 1.7002906799316406, "seconds": 1290.0407329000009, "lr": 0.010137707322700243}
{"step": 8200, "loss": 1.673650860786438, "seconds": 1308.2955954000008, "lr": 0.009946461251509602}
{"step": 8300, "loss": 1.7217775583267212, "seconds": 1326.7615363000004, "lr": 0.009755696350892002}
{"step": 8400, "loss": 1.6884844303131104, "seconds": 1345.200962500001, "lr": 0.009565499746695143}
{"step": 8500, "loss": 1.6202101707458496, "seconds": 1363.845946200001, "lr": 0.009375958305215272}
{"step": 8600, "loss": 1.6970155239105225, "seconds": 1382.5518654000007, "lr": 0.009187158593523733}
{"step": 8700, "loss": 1.6890933513641357, "seconds": 1401.9845692000017, "lr": 0.008999186839930213}
{"step": 8800, "loss": 1.6518261432647705, "seconds": 1420.7070030000014, "lr": 0.00881212889460066}
{"step": 8900, "loss": 1.6911259889602661, "seconds": 1439.4341926000016, "lr": 0.008626070190347938}
{"step": 9000, "loss": 1.7116894721984863, "seconds": 1458.6907636000014, "lr": 0.008441095703613089}
{"step": 9100, "loss": 1.6137484312057495, "seconds": 1478.1433115, "lr": 0.00825728991565502}
{"step": 9200, "loss": 1.6218512058258057, "seconds": 1497.2673653000002, "lr": 0.008074736773966354}
{"step": 9300, "loss": 1.6269067525863647, "seconds": 1516.387415700001, "lr": 0.007893519653933067}
{"step": 9400, "loss": 1.621457815170288, "seconds": 1535.2285242000016, "lr": 0.007713721320755416}
{"step": 9500, "loss": 1.632275104522705, "seconds": 1554.337187000001, "lr": 0.00753542389164753}
{"step": 9600, "loss": 1.6078661680221558, "seconds": 1573.4888035000004, "lr": 0.007358708798332978}
{"step": 9700, "loss": 1.6379245519638062, "seconds": 1592.8144928000002, "lr": 0.007183656749853396}
{"step": 9800, "loss": 1.6176044940948486, "seconds": 1612.0368217000014, "lr": 0.007010347695707171}
{"step": 9900, "loss": 1.5539395809173584, "seconds": 1631.1588684000017, "lr": 0.006838860789335053}
{"step": 10000, "loss": 1.6375805139541626, "seconds": 1650.4197346, "lr": 0.0066692743519692855}
{"validation": {"step": 10000, "bpb": 1.504811663706133, "token_ppl": 24.037223919360223, "nll_nats": 1197435.5457351613, "targets": 376599, "utf8_bytes": 1148007, "seconds": 4.163115899998957}}
{"step": 10100, "loss": 1.5941463708877563, "seconds": 1669.6834769000016, "lr": 0.006501665836862893}
{"step": 10200, "loss": 1.5612196922302246, "seconds": 1688.8399264000018, "lr": 0.00633611179391531}
{"step": 10300, "loss": 1.5420212745666504, "seconds": 1708.1776706000019, "lr": 0.006172687834710678}
{"step": 10400, "loss": 1.6071553230285645, "seconds": 1727.6154865000026, "lr": 0.006011468597984595}
{"step": 10500, "loss": 1.6284749507904053, "seconds": 1747.1329311000027, "lr": 0.005852527715535257}
{"step": 10600, "loss": 1.6249297857284546, "seconds": 1766.6022138000026, "lr": 0.0056959377785944535}
{"step": 10700, "loss": 1.566299557685852, "seconds": 1785.7249536000018, "lr": 0.005541770304673806}
{"step": 10800, "loss": 1.6318118572235107, "seconds": 1805.0372044000014, "lr": 0.0053900957049014065}
{"step": 10900, "loss": 1.5555883646011353, "seconds": 1824.2764505000014, "lr": 0.005240983251863763}
{"step": 11000, "loss": 1.5783330202102661, "seconds": 1843.9772966000019, "lr": 0.00509450104796771}
{"step": 11100, "loss": 1.582816481590271, "seconds": 1863.225564100001, "lr": 0.004950715994336817}
{"step": 11200, "loss": 1.548392415046692, "seconds": 1882.612972500001, "lr": 0.004809693760256379}
{"step": 11300, "loss": 1.5530136823654175, "seconds": 1902.0759117000016, "lr": 0.00467149875318107}
{"step": 11400, "loss": 1.5675708055496216, "seconds": 1921.5908414000023, "lr": 0.004536194089318845}
{"step": 11500, "loss": 1.5164085626602173, "seconds": 1940.8603244000024, "lr": 0.004403841564804629}
{"step": 11600, "loss": 1.531749963760376, "seconds": 1960.400228200002, "lr": 0.004274501627476867}
{"step": 11700, "loss": 1.4800957441329956, "seconds": 1980.1846682000014, "lr": 0.0041482333492698815}
{"step": 11800, "loss": 1.5212812423706055, "seconds": 1999.892334000002, "lr": 0.004025094399234645}
{"step": 11900, "loss": 1.5117874145507812, "seconds": 2019.187538000002, "lr": 0.0039051410172002412}
{"step": 12000, "loss": 1.50350022315979, "seconds": 2038.7875778000016, "lr": 0.0037884279880881088}
{"step": 12100, "loss": 1.5184082984924316, "seconds": 2058.649381000001, "lr": 0.0036750086168907646}
{"step": 12200, "loss": 1.4882770776748657, "seconds": 2078.146149700002, "lr": 0.003564934704326416}
{"step": 12300, "loss": 1.486209750175476, "seconds": 2099.369156400002, "lr": 0.0034582565231806267}
{"step": 12400, "loss": 1.4797205924987793, "seconds": 2120.762596700002, "lr": 0.0033550227953458044}
{"step": 12500, "loss": 1.5394917726516724, "seconds": 2141.8922611000016, "lr": 0.0032552806695690176}
{"validation": {"step": 12500, "bpb": 1.472808523549482, "token_ppl": 22.46553459535105, "nll_nats": 1171969.4369037496, "targets": 376599, "utf8_bytes": 1148007, "seconds": 4.726352700001371}}
{"step": 12600, "loss": 1.49618399143219, "seconds": 2162.855249100001, "lr": 0.0031590756999182955}
{"step": 12700, "loss": 1.4811123609542847, "seconds": 2184.183559000001, "lr": 0.0030664518249772345}
{"step": 12800, "loss": 1.5184450149536133, "seconds": 2206.1593114000007, "lr": 0.0029774513477774495}
{"step": 12900, "loss": 1.4694981575012207, "seconds": 2227.037207900001, "lr": 0.0028921149164779893}
{"step": 13000, "loss": 1.504173755645752, "seconds": 2248.7606502, "lr": 0.002810481505800582}
{"step": 13100, "loss": 1.4887199401855469, "seconds": 2270.3026496, "lr": 0.0027325883992291517}
{"step": 13200, "loss": 1.5009480714797974, "seconds": 2291.8039455, "lr": 0.002658471171981771}
{"step": 13300, "loss": 1.4781923294067383, "seconds": 2313.901849, "lr": 0.002588163674762802}
{"step": 13400, "loss": 1.480710744857788, "seconds": 2334.9651808, "lr": 0.002521698018302648}
{"step": 13500, "loss": 1.4765139818191528, "seconds": 2356.8849448, "lr": 0.002459104558692203}
{"step": 13600, "loss": 1.4278392791748047, "seconds": 2378.510726800001, "lr": 0.0024004118835186557}
{"step": 13700, "loss": 1.4427675008773804, "seconds": 2400.2225784, "lr": 0.002345646798809011}
{"step": 13800, "loss": 1.4559245109558105, "seconds": 2422.0726572000003, "lr": 0.002294834316787296}
{"step": 13900, "loss": 1.4224387407302856, "seconds": 2443.9304617999987, "lr": 0.0022479976444509954}
{"step": 14000, "loss": 1.4805779457092285, "seconds": 2465.4391262999998, "lr": 0.0022051581729720083}
{"step": 14100, "loss": 1.4733515977859497, "seconds": 2487.3850915000003, "lr": 0.002166335467926891}
{"step": 14200, "loss": 1.4710566997528076, "seconds": 2509.6520538000004, "lr": 0.0021315472603609053}
{"step": 14300, "loss": 1.4657163619995117, "seconds": 2531.4833738000016, "lr": 0.002100809438689919}
{"step": 14400, "loss": 1.488456130027771, "seconds": 2553.360710699999, "lr": 0.0020741360414438755}
{"step": 14500, "loss": 1.4255378246307373, "seconds": 2575.045294399999, "lr": 0.002051539250855139}
{"step": 14600, "loss": 1.5139271020889282, "seconds": 2597.292372300002, "lr": 0.002033029387294642}
{"step": 14700, "loss": 1.4621762037277222, "seconds": 2619.4888611999995, "lr": 0.002018614904558383}
{"step": 14800, "loss": 1.4578864574432373, "seconds": 2641.324617099999, "lr": 0.002008302386006421}
{"step": 14900, "loss": 1.4486196041107178, "seconds": 2663.3764825, "lr": 0.0020020965415561355}
{"step": 15000, "loss": 1.3660143613815308, "seconds": 2685.5200473000004, "lr": 0.002000000205531119}
{"validation": {"step": 15000, "bpb": 1.4596617106746, "token_ppl": 21.85006021809537, "nll_nats": 1161508.0207483608, "targets": 376599, "utf8_bytes": 1148007, "seconds": 4.999347699998907}}
{"candidate": "final", "validation_bpb": 1.4596617106746}
{"candidate": "ema", "validation_bpb": 1.4384400280511618}
{"candidate": "swa", "validation_bpb": 1.4441331309220051}
{
  "protocol": "7506-mp1-wt2-v2",
  "implementation": "student",
  "config": {
    "vocab": 2048,
    "width": 256,
    "heads": 4,
    "depth": 8,
    "context": 256,
    "norm": "rmsnorm",
    "pos": "rope",
    "mlp": "swiglu",
    "mlp_ratio": 2.6666666666666665,
    "dropout": 0.1,
    "tie": true
  },
  "seed": 17,
  "tag": "distill-d8",
  "parameters": 6822144,
  "precision": "bf16",
  "train_tokens": 122880000,
  "steps": 15000,
  "batch_size": 32,
  "optimizer": "muon",
  "lr": 0.02,
  "embedding_lr": 0.0003,
  "warmup": 300,
  "min_lr_ratio": 0.1,
  "weight_decay": 0.1,
  "grad_clip": 1.0,
  "ema_decay": 0.999,
  "ema_start": 0.6,
  "swa_start": 0.7,
  "teacher": "runs\\e5_teacher_m\\checkpoint.pt",
  "teacher_parameters": 10488640,
  "alpha": 0.5,
  "temperature": 1.0,
  "preparation_seconds": 12.015685599999415,
  "train_seconds": 2685.520881100001,
  "validation": {
    "bpb": 1.4384400280511618,
    "token_ppl": 20.891934105498102,
    "nll_nats": 1144621.1253803186,
    "targets": 376599,
    "utf8_bytes": 1148007,
    "seconds": 4.979060099998605
  },
  "candidate_validation_bpb": {
    "final": 1.4596617106746,
    "ema": 1.4384400280511618,
    "swa": 1.4441331309220051
  },
  "selected": "ema",
  "history": [],
  "validation_history": [],
  "intermediate_validation_seconds": 22.741821399999026,
  "process_seconds": 2741.6413391999995,
  "torch_version": "2.7.1+cu126",
  "threads": 4,
  "checkpoint_sha256": "be575a224947bf58962f4fd5d60e0d6d6a3ea43cf34f8ca83ed3d8d2ad4c9373",
  "implementation_sha256": "29bd1cfb9a6c08a2451f5788abcaf82e90816172d65be9c98b386fd93d00744e",
  "device": "cuda:0",
  "device_name": "NVIDIA GeForce RTX 3060 Laptop GPU",
  "peak_allocated_gb": 1.740755968,
  "peak_reserved_gb": 1.977614336
}
