{"step": 100, "loss": 6.063843250274658, "seconds": 8.885435500000312, "lr": 0.01}
{"step": 200, "loss": 5.229325294494629, "seconds": 17.256316400002106, "lr": 0.02}
{"step": 300, "loss": 4.847802639007568, "seconds": 26.311850900001446, "lr": 0.01996987181283643}
{"step": 400, "loss": 4.466587543487549, "seconds": 35.51438280000002, "lr": 0.01987847338156839}
{"step": 500, "loss": 4.353140354156494, "seconds": 44.70564150000064, "lr": 0.01972642597445066}
{"step": 600, "loss": 4.184620380401611, "seconds": 53.83202810000148, "lr": 0.019514768229447907}
{"step": 700, "loss": 4.015575408935547, "seconds": 62.99740160000147, "lr": 0.019244945983576626}
{"step": 800, "loss": 4.04989767074585, "seconds": 72.15934070000003, "lr": 0.018918802396372274}
{"step": 900, "loss": 3.9063146114349365, "seconds": 81.27695140000287, "lr": 0.0185385653592407}
{"step": 1000, "loss": 3.8834643363952637, "seconds": 90.38656020000053, "lr": 0.018106832276700804}
{"step": 1100, "loss": 3.7307486534118652, "seconds": 99.52900220000083, "lr": 0.017626552323477915}
{"step": 1200, "loss": 3.7403342723846436, "seconds": 108.69245600000067, "lr": 0.01710100629865001}
{"step": 1300, "loss": 3.685206174850464, "seconds": 117.90889520000201, "lr": 0.016533784214463325}
{"step": 1400, "loss": 3.5455710887908936, "seconds": 126.86195760000192, "lr": 0.01592876077290848}
{"step": 1500, "loss": 3.528170585632324, "seconds": 135.8763405000027, "lr": 0.015290068897576996}
{"step": 1600, "loss": 3.5133321285247803, "seconds": 144.88141220000034, "lr": 0.014622071501602427}
{"step": 1700, "loss": 3.616084337234497, "seconds": 153.8538202000018, "lr": 0.01392933168453973}
{"step": 1800, "loss": 3.525099515914917, "seconds": 162.80705450000096, "lr": 0.013216581561768373}
{"step": 1900, "loss": 3.5553321838378906, "seconds": 171.83588040000177, "lr": 0.012488689939346003}
{"step": 2000, "loss": 3.456704616546631, "seconds": 180.7722868000019, "lr": 0.01175062905512616}
{"step": 2100, "loss": 3.3732497692108154, "seconds": 189.75548940000226, "lr": 0.011007440613331958}
{"step": 2200, "loss": 3.4524331092834473, "seconds": 198.8057587000003, "lr": 0.010264201344604016}
{"step": 2300, "loss": 3.3965296745300293, "seconds": 207.7884574000018, "lr": 0.009525988326782446}
{"step": 2400, "loss": 3.3899147510528564, "seconds": 216.76845400000093, "lr": 0.00879784430331713}
{"step": 2500, "loss": 3.3968496322631836, "seconds": 225.7088102000016, "lr": 0.00808474323621666}
{"step": 2600, "loss": 3.4285902976989746, "seconds": 234.677925400003, "lr": 0.007391556328844295}
{"step": 2700, "loss": 3.3554298877716064, "seconds": 243.6652434000025, "lr": 0.006723018750659671}
{"step": 2800, "loss": 3.3706085681915283, "seconds": 252.60040140000274, "lr": 0.006083697291209975}
{"step": 2900, "loss": 3.219114065170288, "seconds": 261.6228155000026, "lr": 0.00547795916432668}
{"step": 3000, "loss": 3.195570707321167, "seconds": 270.56153280000217, "lr": 0.004909942175626782}
{"step": 3100, "loss": 3.2752685546875, "seconds": 279.4773915000005, "lr": 0.0043835264571047425}
{"step": 3200, "loss": 3.2025742530822754, "seconds": 288.43078810000225, "lr": 0.0039023079618965895}
{"step": 3300, "loss": 3.1282169818878174, "seconds": 297.4465526000022, "lr": 0.0034695739002737302}
{"step": 3400, "loss": 3.08307147026062, "seconds": 306.41626460000043, "lr": 0.0030882802846636122}
{"step": 3500, "loss": 3.1039013862609863, "seconds": 315.3877672000017, "lr": 0.0027610317370874936}
{"step": 3600, "loss": 3.0963926315307617, "seconds": 324.3350378000032, "lr": 0.0024900636969509803}
{"step": 3700, "loss": 3.1387932300567627, "seconds": 333.27126750000025, "lr": 0.0022772271507261817}
{"step": 3800, "loss": 3.148158311843872, "seconds": 342.1951528000027, "lr": 0.002123975987837234}
{"step": 3900, "loss": 3.073448657989502, "seconds": 351.16379770000276, "lr": 0.002031357069121304}
{"step": 4000, "loss": 3.050586462020874, "seconds": 360.1573515000018, "lr": 0.0020000030757075676}
{"candidate": "final", "validation_bpb": 1.554660385978912}
{
  "protocol": "7506-mp1-wt2-v2",
  "implementation": "student",
  "config": {
    "vocab": 2048,
    "context": 256,
    "norm": "rmsnorm",
    "pos": "rope",
    "mlp": "gelu",
    "mlp_ratio": 4.0,
    "dropout": 0.1,
    "tie": true,
    "width": 256,
    "heads": 4,
    "depth": 6
  },
  "seed": 17,
  "tag": "ablation-gelumlp",
  "parameters": 5246208,
  "precision": "bf16",
  "train_tokens": 32768000,
  "steps": 4000,
  "batch_size": 32,
  "optimizer": "muon",
  "lr": 0.02,
  "embedding_lr": 0.0003,
  "warmup": 200,
  "min_lr_ratio": 0.1,
  "weight_decay": 0.1,
  "grad_clip": 1.0,
  "ema_decay": 0.0,
  "ema_start": 0.0,
  "swa_start": 0.0,
  "teacher": null,
  "teacher_parameters": 0,
  "alpha": 0.5,
  "temperature": 1.0,
  "preparation_seconds": 16.659413700002915,
  "train_seconds": 360.1575171000004,
  "validation": {
    "bpb": 1.554660385978912,
    "token_ppl": 26.70716482018203,
    "nll_nats": 1237102.059092651,
    "targets": 376599,
    "utf8_bytes": 1148007,
    "seconds": 2.1082747999971616
  },
  "candidate_validation_bpb": {
    "final": 1.554660385978912
  },
  "selected": "final",
  "history": [],
  "validation_history": [],
  "intermediate_validation_seconds": 0.0,
  "process_seconds": 381.7239186000006,
  "torch_version": "2.7.1+cu126",
  "threads": 4,
  "checkpoint_sha256": "4430611e08fa32302d06bcb5243e6df12180577bcbd3a4af75e4ed26de5d12a0",
  "implementation_sha256": "29bd1cfb9a6c08a2451f5788abcaf82e90816172d65be9c98b386fd93d00744e",
  "device": "cuda:0",
  "device_name": "NVIDIA GeForce RTX 3060 Laptop GPU",
  "peak_allocated_gb": 1.021191168,
  "peak_reserved_gb": 1.082130432
}
