{"step": 100, "loss": 5.999932765960693, "seconds": 9.711971100001392, "lr": 0.01}
{"step": 200, "loss": 5.191751480102539, "seconds": 19.10852209999939, "lr": 0.02}
{"step": 300, "loss": 4.830300331115723, "seconds": 29.04109900000185, "lr": 0.01996987181283643}
{"step": 400, "loss": 4.42103910446167, "seconds": 39.1944954999999, "lr": 0.01987847338156839}
{"step": 500, "loss": 4.283252239227295, "seconds": 49.52738650000174, "lr": 0.01972642597445066}
{"step": 600, "loss": 4.100078582763672, "seconds": 60.04785520000223, "lr": 0.019514768229447907}
{"step": 700, "loss": 3.919994354248047, "seconds": 70.1966511999999, "lr": 0.019244945983576626}
{"step": 800, "loss": 3.9583494663238525, "seconds": 85.31570680000004, "lr": 0.018918802396372274}
{"step": 900, "loss": 3.81955623626709, "seconds": 95.759100700001, "lr": 0.0185385653592407}
{"step": 1000, "loss": 3.8181660175323486, "seconds": 111.33913369999937, "lr": 0.018106832276700804}
{"step": 1100, "loss": 3.682957410812378, "seconds": 121.46780630000285, "lr": 0.017626552323477915}
{"step": 1200, "loss": 3.6845171451568604, "seconds": 131.7582763999999, "lr": 0.01710100629865001}
{"step": 1300, "loss": 3.6192004680633545, "seconds": 141.89125459999923, "lr": 0.016533784214463325}
{"step": 1400, "loss": 3.478097915649414, "seconds": 152.38265850000244, "lr": 0.01592876077290848}
{"step": 1500, "loss": 3.4696590900421143, "seconds": 164.3680948000001, "lr": 0.015290068897576996}
{"step": 1600, "loss": 3.4642367362976074, "seconds": 178.85532560000138, "lr": 0.014622071501602427}
{"step": 1700, "loss": 3.5360586643218994, "seconds": 188.96971050000138, "lr": 0.01392933168453973}
{"step": 1800, "loss": 3.4636244773864746, "seconds": 199.15236519999962, "lr": 0.013216581561768373}
{"step": 1900, "loss": 3.4918127059936523, "seconds": 209.27322300000014, "lr": 0.012488689939346003}
{"step": 2000, "loss": 3.404958963394165, "seconds": 219.3604587000009, "lr": 0.01175062905512616}
{"step": 2100, "loss": 3.304929256439209, "seconds": 229.15173979999963, "lr": 0.011007440613331958}
{"step": 2200, "loss": 3.3957436084747314, "seconds": 238.85636929999964, "lr": 0.010264201344604016}
{"step": 2300, "loss": 3.3454043865203857, "seconds": 248.6164196000027, "lr": 0.009525988326782446}
{"step": 2400, "loss": 3.321639060974121, "seconds": 258.3379151000008, "lr": 0.00879784430331713}
{"step": 2500, "loss": 3.3242411613464355, "seconds": 268.2175148000024, "lr": 0.00808474323621666}
{"step": 2600, "loss": 3.3628780841827393, "seconds": 277.9011864000022, "lr": 0.007391556328844295}
{"step": 2700, "loss": 3.2972142696380615, "seconds": 287.4337379999997, "lr": 0.006723018750659671}
{"step": 2800, "loss": 3.292191982269287, "seconds": 297.1281667000003, "lr": 0.006083697291209975}
{"step": 2900, "loss": 3.148873805999756, "seconds": 306.7191192999999, "lr": 0.00547795916432668}
{"step": 3000, "loss": 3.1332409381866455, "seconds": 316.3175889000013, "lr": 0.004909942175626782}
{"step": 3100, "loss": 3.2003109455108643, "seconds": 326.0269614000026, "lr": 0.0043835264571047425}
{"step": 3200, "loss": 3.1396877765655518, "seconds": 335.8337566000009, "lr": 0.0039023079618965895}
{"step": 3300, "loss": 3.0494985580444336, "seconds": 345.47332310000274, "lr": 0.0034695739002737302}
{"step": 3400, "loss": 3.007129192352295, "seconds": 355.201412800001, "lr": 0.0030882802846636122}
{"step": 3500, "loss": 3.064166784286499, "seconds": 364.9027292000028, "lr": 0.0027610317370874936}
{"step": 3600, "loss": 3.029292345046997, "seconds": 374.5795840999999, "lr": 0.0024900636969509803}
{"step": 3700, "loss": 3.0689430236816406, "seconds": 384.3296064000024, "lr": 0.0022772271507261817}
{"step": 3800, "loss": 3.0952045917510986, "seconds": 394.05522530000235, "lr": 0.002123975987837234}
{"step": 3900, "loss": 3.016411304473877, "seconds": 403.72250630000053, "lr": 0.002031357069121304}
{"step": 4000, "loss": 2.9797096252441406, "seconds": 413.3991096000027, "lr": 0.0020000030757075676}
{"candidate": "final", "validation_bpb": 1.5499262352679088}
{
  "protocol": "7506-mp1-wt2-v2",
  "implementation": "student",
  "config": {
    "vocab": 2048,
    "context": 256,
    "norm": "layernorm",
    "pos": "rope",
    "mlp": "swiglu",
    "mlp_ratio": 2.6666666666666665,
    "dropout": 0.1,
    "tie": true,
    "width": 256,
    "heads": 4,
    "depth": 6
  },
  "seed": 17,
  "tag": "ablation-layernorm",
  "parameters": 5251072,
  "precision": "bf16",
  "train_tokens": 32768000,
  "steps": 4000,
  "batch_size": 32,
  "optimizer": "muon",
  "lr": 0.02,
  "embedding_lr": 0.0003,
  "warmup": 200,
  "min_lr_ratio": 0.1,
  "weight_decay": 0.1,
  "grad_clip": 1.0,
  "ema_decay": 0.0,
  "ema_start": 0.0,
  "swa_start": 0.0,
  "teacher": null,
  "teacher_parameters": 0,
  "alpha": 0.5,
  "temperature": 1.0,
  "preparation_seconds": 17.441881499999,
  "train_seconds": 413.3992694000008,
  "validation": {
    "bpb": 1.5499262352679088,
    "token_ppl": 26.441343154841114,
    "nll_nats": 1233334.9163485144,
    "targets": 376599,
    "utf8_bytes": 1148007,
    "seconds": 3.3528079000025173
  },
  "candidate_validation_bpb": {
    "final": 1.5499262352679088
  },
  "selected": "final",
  "history": [],
  "validation_history": [],
  "intermediate_validation_seconds": 0.0,
  "process_seconds": 439.0268030999978,
  "torch_version": "2.7.1+cu126",
  "threads": 4,
  "checkpoint_sha256": "76dfec3fa41c64a03a694e437c33055bae472ef416d1427a1d1bdd684334ffcf",
  "implementation_sha256": "29bd1cfb9a6c08a2451f5788abcaf82e90816172d65be9c98b386fd93d00744e",
  "device": "cuda:0",
  "device_name": "NVIDIA GeForce RTX 3060 Laptop GPU",
  "peak_allocated_gb": 1.005026304,
  "peak_reserved_gb": 1.113587712
}
